Component: ARM Compiler 5.06 update 7 (build 960) Tool: armlink [4d3601]

==============================================================================

Section Cross References

    startup_lpc17xx.o(STACK) refers (Special) to heapauxi.o(.text) for __use_two_region_memory
    startup_lpc17xx.o(HEAP) refers (Special) to heapauxi.o(.text) for __use_two_region_memory
    startup_lpc17xx.o(RESET) refers (Special) to heapauxi.o(.text) for __use_two_region_memory
    startup_lpc17xx.o(RESET) refers to startup_lpc17xx.o(STACK) for __initial_sp
    startup_lpc17xx.o(RESET) refers to startup_lpc17xx.o(.text) for Reset_Handler
    startup_lpc17xx.o(RESET) refers to irq_timer.o(.text) for TIMER0_IRQHandler
    startup_lpc17xx.o(RESET) refers to irq_button.o(.text) for EINT0_IRQHandler
    startup_lpc17xx.o(RESET) refers to irq_can.o(.text) for CAN_IRQHandler
    startup_lpc17xx.o(RESET) refers to irq_rit.o(.text) for RIT_IRQHandler
    startup_lpc17xx.o(.ARM.__at_0x02FC) refers (Special) to heapauxi.o(.text) for __use_two_region_memory
    startup_lpc17xx.o(.text) refers (Special) to heapauxi.o(.text) for __use_two_region_memory
    startup_lpc17xx.o(.text) refers to __main.o(!!!main) for __main
    startup_lpc17xx.o(.text) refers to startup_lpc17xx.o(HEAP) for Heap_Mem
    startup_lpc17xx.o(.text) refers to startup_lpc17xx.o(STACK) for Stack_Mem
    sample.o(.text) refers to system_lpc17xx.o(.text) for SystemInit
    sample.o(.text) refers to lib_button.o(.text) for BUTTON_init
    sample.o(.text) refers to lib_joystick.o(.text) for joystick_init
    sample.o(.text) refers to lib_rit.o(.text) for init_RIT
    sample.o(.text) refers to lib_timer.o(.text) for init_timer
    sample.o(.text) refers to glcd.o(.text) for LCD_Initialization
    sample.o(.text) refers to lib_can.o(.text) for CAN_Init
    system_lpc17xx.o(.text) refers to system_lpc17xx.o(.data) for SystemFrequency
    irq_button.o(.text) refers to irq_rit.o(.bss) for btn_down_counter
    irq_rit.o(.text) refers to quoridor.o(.text) for PARTITAgetMossaDiagonaleAttiva
    irq_rit.o(.text) refers to giocatore.o(.text) for GIOCATOREgetPosizione
    irq_rit.o(.text) refers to irq_rit.o(.data) for J_up_left
    irq_rit.o(.text) refers to muro.o(.text) for MUROgetLastMuro
    irq_rit.o(.text) refers to mossa.o(.text) for MOSSAcrea_return
    irq_rit.o(.text) refers to canquoridor.o(.text) for CANQsendMossa
    irq_rit.o(.text) refers to irq_rit.o(.bss) for btn_down_counter
    asciilib.o(.text) refers to rt_memcpy_v6.o(.text) for __aeabi_memcpy
    asciilib.o(.text) refers to asciilib.o(.constdata) for AsciiLib
    glcd.o(.text) refers to glcd.o(.data) for LCD_Code
    glcd.o(.text) refers to asciilib.o(.text) for GetASCIICode
    hzlib.o(.text) refers to rt_memcpy_v6.o(.text) for __aeabi_memcpy
    hzlib.o(.text) refers to hzlib.o(.constdata) for HzLib
    irq_timer.o(.text) refers to glcd.o(.text) for GUI_Text
    irq_timer.o(.text) refers to lib_timer.o(.text) for disable_timer
    irq_timer.o(.text) refers to quoridor.o(.text) for QUORIDORdecrementTimer
    irq_timer.o(.text) refers to canquoridor.o(.data) for handshake
    giocatore.o(.text) refers to mossa.o(.text) for MOSSAgetLastMossa
    giocatore.o(.text) refers to graph.o(.text) for GRAPHgetMosseValide
    giocatore.o(.text) refers to giocatore.o(.bss) for visitedNPC
    graph.o(.text) refers to graph.o(.bss) for graph
    graph.o(.text) refers to rt_memclr_w.o(.text) for __aeabi_memclr4
    graph.o(.text) refers to rt_memcpy_w.o(.text) for __aeabi_memcpy4
    graph.o(.text) refers to muro.o(.text) for MUROcreaSenzaAggiungere
    graph.o(.text) refers to giocatore.o(.text) for GIOCATOREgetPosizione
    graph.o(.text) refers to graph.o(.constdata) for .constdata
    quoridor.o(.text) refers to lib_joystick.o(.text) for joystick_enable
    quoridor.o(.text) refers to menu.o(.text) for MENUinit
    quoridor.o(.text) refers to modalita.o(.text) for MODALITAinit
    quoridor.o(.text) refers to quoridorgui.o(.text) for GUIstampaTimer
    quoridor.o(.text) refers to muro.o(.text) for MUROgetLastMuro
    quoridor.o(.text) refers to mossa.o(.text) for MOSSAcrea
    quoridor.o(.text) refers to graph.o(.text) for GRAPHrimuoviMuro
    quoridor.o(.text) refers to giocatore.o(.text) for GIOCATOREgetPosizione
    quoridor.o(.text) refers to npccontroller.o(.text) for NPCCONTROLLERmossaAvversario
    quoridor.o(.text) refers to lib_timer.o(.text) for disable_timer
    quoridor.o(.text) refers to quoridor.o(.bss) for partita
    quoridor.o(.text) refers to canquoridor.o(.text) for CANQreadMossa
    quoridor.o(.text) refers to rt_memcpy_w.o(.text) for __aeabi_memcpy4
    quoridorgui.o(.text) refers to _printf_percent.o(.ARM.Collect$$_printf_percent$$00000000) for _printf_percent
    quoridorgui.o(.text) refers to _printf_d.o(.ARM.Collect$$_printf_percent$$00000009) for _printf_d
[...]
    libinit.o(.ARM.Collect$$libinit$$00000000) refers (Special) to libinit2.o(.ARM.Collect$$libinit$$00000033) for __rt_lib_init_return
    libinit.o(.ARM.Collect$$libinit$$00000000) refers (Special) to libinit2.o(.ARM.Collect$$libinit$$0000001D) for __rt_lib_init_signal_1
    libinit.o(.ARM.Collect$$libinit$$00000000) refers (Special) to libinit2.o(.ARM.Collect$$libinit$$00000025) for __rt_lib_init_stdio_1
    libinit.o(.ARM.Collect$$libinit$$00000000) refers (Special) to libinit2.o(.ARM.Collect$$libinit$$0000000C) for __rt_lib_init_user_alloc_1
    libspace.o(.text) refers to libspace.o(.bss) for __libspace_start
    rtexit.o(.ARM.Collect$$rtexit$$00000000) refers (Special) to rtexit2.o(.ARM.Collect$$rtexit$$00000004) for __rt_exit_exit
    rtexit.o(.ARM.Collect$$rtexit$$00000000) refers (Special) to rtexit2.o(.ARM.Collect$$rtexit$$00000003) for __rt_exit_ls
    rtexit.o(.ARM.Collect$$rtexit$$00000000) refers (Special) to rtexit2.o(.ARM.Collect$$rtexit$$00000002) for __rt_exit_prels_1
    rtexit.o(.ARM.exidx) refers (Special) to rtexit2.o(.ARM.Collect$$rtexit$$00000004) for __rt_exit_exit
    rtexit.o(.ARM.exidx) refers (Special) to rtexit2.o(.ARM.Collect$$rtexit$$00000003) for __rt_exit_ls
    rtexit.o(.ARM.exidx) refers (Special) to rtexit2.o(.ARM.Collect$$rtexit$$00000002) for __rt_exit_prels_1
    rtexit.o(.ARM.exidx) refers to rtexit.o(.ARM.Collect$$rtexit$$00000000) for .ARM.Collect$$rtexit$$00000000
    libinit2.o(.ARM.Collect$$libinit$$00000010) refers to libinit2.o(.ARM.Collect$$libinit$$0000000F) for .ARM.Collect$$libinit$$0000000F
    libinit2.o(.ARM.Collect$$libinit$$00000012) refers to libinit2.o(.ARM.Collect$$libinit$$0000000F) for .ARM.Collect$$libinit$$0000000F
    libinit2.o(.ARM.Collect$$libinit$$00000014) refers to libinit2.o(.ARM.Collect$$libinit$$0000000F) for .ARM.Collect$$libinit$$0000000F
    libinit2.o(.ARM.Collect$$libinit$$00000016) refers to libinit2.o(.ARM.Collect$$libinit$$0000000F) for .ARM.Collect$$libinit$$0000000F
    libinit2.o(.ARM.Collect$$libinit$$00000018) refers to libinit2.o(.ARM.Collect$$libinit$$0000000F) for .ARM.Collect$$libinit$$0000000F
    libinit2.o(.ARM.Collect$$libinit$$00000026) refers to argv_veneer.o(.emb_text) for __ARM_argv_veneer
    libinit2.o(.ARM.Collect$$libinit$$00000027) refers to argv_veneer.o(.emb_text) for __ARM_argv_veneer
    rtexit2.o(.ARM.Collect$$rtexit$$00000003) refers to libshutdown.o(.ARM.Collect$$libshutdown$$00000000) for __rt_lib_shutdown
    rtexit2.o(.ARM.Collect$$rtexit$$00000004) refers to sys_exit.o(.text) for _sys_exit
    rtexit2.o(.ARM.exidx) refers to rtexit2.o(.ARM.Collect$$rtexit$$00000001) for .ARM.Collect$$rtexit$$00000001
    rtexit2.o(.ARM.exidx) refers to rtexit2.o(.ARM.Collect$$rtexit$$00000003) for .ARM.Collect$$rtexit$$00000003
    rtexit2.o(.ARM.exidx) refers to rtexit2.o(.ARM.Collect$$rtexit$$00000004) for .ARM.Collect$$rtexit$$00000004
    argv_veneer.o(.emb_text) refers to no_argv.o(.text) for __ARM_get_argv
    sys_exit.o(.text) refers (Special) to use_no_semi.o(.text) for __I$use$semihosting
    sys_exit.o(.text) refers (Special) to indicate_semi.o(.text) for __semihosting_library_function
    _get_argv_nomalloc.o(.text) refers (Special) to hrguard.o(.text) for __heap_region$guard
    _get_argv_nomalloc.o(.text) refers to defsig_rtmem_outer.o(.text) for __rt_SIGRTMEM
    _get_argv_nomalloc.o(.text) refers to sys_command.o(.text) for _sys_command_string
    libshutdown.o(.ARM.Collect$$libshutdown$$00000000) refers (Special) to libshutdown2.o(.ARM.Collect$$libshutdown$$00000004) for __rt_lib_shutdown_cpp_1
    libshutdown.o(.ARM.Collect$$libshutdown$$00000000) refers (Special) to libshutdown2.o(.ARM.Collect$$libshutdown$$00000002) for __rt_lib_shutdown_fini_1
    libshutdown.o(.ARM.Collect$$libshutdown$$00000000) refers (Special) to libshutdown2.o(.ARM.Collect$$libshutdown$$00000009) for __rt_lib_shutdown_fp_trap_1
    libshutdown.o(.ARM.Collect$$libshutdown$$00000000) refers (Special) to libshutdown2.o(.ARM.Collect$$libshutdown$$00000011) for __rt_lib_shutdown_heap_1
    libshutdown.o(.ARM.Collect$$libshutdown$$00000000) refers (Special) to libshutdown2.o(.ARM.Collect$$libshutdown$$00000012) for __rt_lib_shutdown_return
    libshutdown.o(.ARM.Collect$$libshutdown$$00000000) refers (Special) to libshutdown2.o(.ARM.Collect$$libshutdown$$0000000C) for __rt_lib_shutdown_signal_1
    libshutdown.o(.ARM.Collect$$libshutdown$$00000000) refers (Special) to libshutdown2.o(.ARM.Collect$$libshutdown$$00000006) for __rt_lib_shutdown_stdio_1
    libshutdown.o(.ARM.Collect$$libshutdown$$00000000) refers (Special) to libshutdown2.o(.ARM.Collect$$libshutdown$$0000000E) for __rt_lib_shutdown_user_alloc_1
    sys_command.o(.text) refers (Special) to use_no_semi.o(.text) for __I$use$semihosting
    sys_command.o(.text) refers (Special) to indicate_semi.o(.text) for __semihosting_library_function
    defsig_rtmem_outer.o(.text) refers to defsig_rtmem_inner.o(.text) for __rt_SIGRTMEM_inner
    defsig_rtmem_outer.o(.text) refers to defsig_exit.o(.text) for __sig_exit
    defsig_rtmem_formal.o(.text) refers to rt_raise.o(.text) for __rt_raise
    rt_raise.o(.text) refers to __raise.o(.text) for __raise
    rt_raise.o(.text) refers to sys_exit.o(.text) for _sys_exit
    defsig_exit.o(.text) refers to sys_exit.o(.text) for _sys_exit
    defsig_rtmem_inner.o(.text) refers to defsig_general.o(.text) for __default_signal_display
    __raise.o(.text) refers to defsig.o(CL$$defsig) for __default_signal_handler
    defsig_general.o(.text) refers to sys_wrch.o(.text) for _ttywrch
    sys_wrch.o(.text) refers (Special) to use_no_semi.o(.text) for __I$use$semihosting
    sys_wrch.o(.text) refers (Special) to indicate_semi.o(.text) for __semihosting_library_function
    defsig.o(CL$$defsig) refers to defsig_rtmem_inner.o(.text) for __rt_SIGRTMEM_inner
    defsig_abrt_inner.o(.text) refers to defsig_general.o(.text) for __default_signal_display
    defsig_fpe_inner.o(.text) refers to defsig_general.o(.text) for __default_signal_display
    defsig_rtred_inner.o(.text) refers to defsig_general.o(.text) for __default_signal_display
    defsig_stak_inner.o(.text) refers to defsig_general.o(.text) for __default_signal_display
    defsig_pvfn_inner.o(.text) refers to defsig_general.o(.text) for __default_signal_display
    defsig_cppl_inner.o(.text) refers to defsig_general.o(.text) for __default_signal_display
    defsig_segv_inner.o(.text) refers to defsig_general.o(.text) for __default_signal_display
    defsig_other.o(.text) refers to defsig_general.o(.text) for __default_signal_display


==============================================================================

Removing Unused input sections from the image.

    Removing sample.o(.rev16_text), (4 bytes).
    Removing sample.o(.revsh_text), (4 bytes).
    Removing sample.o(.rrx_text), (6 bytes).
    Removing core_cm3.o(.emb_text), (32 bytes).
    Removing system_lpc17xx.o(.rev16_text), (4 bytes).
    Removing system_lpc17xx.o(.revsh_text), (4 bytes).
    Removing system_lpc17xx.o(.rrx_text), (6 bytes).
    Removing irq_button.o(.rev16_text), (4 bytes).
    Removing irq_button.o(.revsh_text), (4 bytes).
    Removing irq_button.o(.rrx_text), (6 bytes).
    Removing lib_button.o(.rev16_text), (4 bytes).
    Removing lib_button.o(.revsh_text), (4 bytes).
    Removing lib_button.o(.rrx_text), (6 bytes).
    Removing irq_rit.o(.rev16_text), (4 bytes).
    Removing irq_rit.o(.revsh_text), (4 bytes).
    Removing irq_rit.o(.rrx_text), (6 bytes).
    Removing lib_rit.o(.rev16_text), (4 bytes).
    Removing lib_rit.o(.revsh_text), (4 bytes).
    Removing lib_rit.o(.rrx_text), (6 bytes).
    Removing lib_joystick.o(.rev16_text), (4 bytes).
    Removing lib_joystick.o(.revsh_text), (4 bytes).
    Removing lib_joystick.o(.rrx_text), (6 bytes).
    Removing glcd.o(.rev16_text), (4 bytes).
    Removing glcd.o(.revsh_text), (4 bytes).
    Removing glcd.o(.rrx_text), (6 bytes).
    Removing hzlib.o(.text), (52 bytes).
    Removing hzlib.o(.constdata), (216576 bytes).
    Removing irq_timer.o(.rev16_text), (4 bytes).
    Removing irq_timer.o(.revsh_text), (4 bytes).
    Removing irq_timer.o(.rrx_text), (6 bytes).
    Removing lib_timer.o(.rev16_text), (4 bytes).
    Removing lib_timer.o(.revsh_text), (4 bytes).
    Removing lib_timer.o(.rrx_text), (6 bytes).
    Removing quoridor.o(.rev16_text), (4 bytes).
    Removing quoridor.o(.revsh_text), (4 bytes).
    Removing quoridor.o(.rrx_text), (6 bytes).
    Removing quoridorgui.o(.rev16_text), (4 bytes).
    Removing quoridorgui.o(.revsh_text), (4 bytes).
    Removing quoridorgui.o(.rrx_text), (6 bytes).
    Removing menu.o(.rev16_text), (4 bytes).
    Removing menu.o(.revsh_text), (4 bytes).
    Removing menu.o(.rrx_text), (6 bytes).
    Removing canquoridor.o(.rev16_text), (4 bytes).
    Removing canquoridor.o(.revsh_text), (4 bytes).
    Removing canquoridor.o(.rrx_text), (6 bytes).
    Removing irq_can.o(.rev16_text), (4 bytes).
    Removing irq_can.o(.revsh_text), (4 bytes).
    Removing irq_can.o(.rrx_text), (6 bytes).
    Removing lib_can.o(.rev16_text), (4 bytes).
    Removing lib_can.o(.revsh_text), (4 bytes).
    Removing lib_can.o(.rrx_text), (6 bytes).

51 unused section(s) (total 216884 bytes) removed from the image.

==============================================================================

Image Symbol Table

    Local Symbols

    Symbol Name                              Value     Ov Type        Size  Object(Section)

    RESET                                    0x00000000   Section      204  startup_lpc17xx.o(RESET)
    ../clib/angel/boardlib.s                 0x00000000   Number         0  boardinit1.o ABSOLUTE
    ../clib/angel/boardlib.s                 0x00000000   Number         0  boardinit2.o ABSOLUTE
    ../clib/angel/boardlib.s                 0x00000000   Number         0  boardinit3.o ABSOLUTE
    ../clib/angel/boardlib.s                 0x00000000   Number         0  boardshut.o ABSOLUTE
    ../clib/angel/dczerorl2.s                0x00000000   Number         0  __dczerorl2.o ABSOLUTE
    ../clib/angel/handlers.s                 0x00000000   Number         0  __scatter_zi.o ABSOLUTE
    ../clib/angel/kernel.s                   0x00000000   Number         0  __rtentry4.o ABSOLUTE
    ../clib/angel/kernel.s                   0x00000000   Number         0  __rtentry2.o ABSOLUTE
    ../clib/angel/kernel.s                   0x00000000   Number         0  rtexit.o ABSOLUTE
    ../clib/angel/kernel.s                   0x00000000   Number         0  rtexit2.o ABSOLUTE
    ../clib/angel/kernel.s                   0x00000000   Number         0  __rtentry.o ABSOLUTE
    ../clib/angel/rt.s                       0x00000000   Number         0  rt_raise.o ABSOLUTE
    ../clib/angel/scatter.s                  0x00000000   Number         0  __scatter.o ABSOLUTE
    ../clib/angel/startup.s                  0x00000000   Number         0  __main.o ABSOLUTE
    ../clib/angel/sys.s                      0x00000000   Number         0  sys_stackheap_outer.o ABSOLUTE
    ../clib/angel/sys.s                      0x00000000   Number         0  indicate_semi.o ABSOLUTE
    ../clib/angel/sys.s                      0x00000000   Number         0  libspace.o ABSOLUTE
    ../clib/angel/sys.s                      0x00000000   Number         0  use_no_semi.o ABSOLUTE
    ../clib/angel/sysapp.c                   0x00000000   Number         0  sys_wrch.o ABSOLUTE
    ../clib/angel/sysapp.c                   0x00000000   Number         0  sys_exit.o ABSOLUTE
    ../clib/angel/sysapp.c                   0x00000000   Number         0  sys_command.o ABSOLUTE
    ../clib/armsys.c                         0x00000000   Number         0  argv_veneer.o ABSOLUTE
    ../clib/armsys.c                         0x00000000   Number         0  argv_veneer.o ABSOLUTE
    ../clib/armsys.c                         0x00000000   Number         0  no_argv.o ABSOLUTE
    ../clib/armsys.c                         0x00000000   Number         0  _get_argv_nomalloc.o ABSOLUTE
    ../clib/heapalloc.c                      0x00000000   Number         0  hrguard.o ABSOLUTE
    ../clib/heapaux.c                        0x00000000   Number         0  heapauxi.o ABSOLUTE
    ../clib/libinit.s                        0x00000000   Number         0  libshutdown2.o ABSOLUTE
    ../clib/libinit.s                        0x00000000   Number         0  libinit2.o ABSOLUTE
    ../clib/libinit.s                        0x00000000   Number         0  libinit.o ABSOLUTE
    ../clib/libinit.s                        0x00000000   Number         0  libshutdown.o ABSOLUTE
    ../clib/memcpset.s                       0x00000000   Number         0  rt_memcpy_v6.o ABSOLUTE
    ../clib/memcpset.s                       0x00000000   Number         0  rt_memclr_w.o ABSOLUTE
    ../clib/memcpset.s                       0x00000000   Number         0  rt_memcpy_w.o ABSOLUTE
    ../clib/printf.c                         0x00000000   Number         0  _sputc.o ABSOLUTE
    ../clib/printf.c                         0x00000000   Number         0  __printf_flags_ss_wp.o ABSOLUTE
    ../clib/printf.c                         0x00000000   Number         0  __printf_ss_wp.o ABSOLUTE
    ../clib/printf.c                         0x00000000   Number         0  __printf_flags_wp.o ABSOLUTE
    ../clib/printf.c                         0x00000000   Number         0  __printf_wp.o ABSOLUTE
    ../clib/printf.c                         0x00000000   Number         0  __printf_flags_ss.o ABSOLUTE
    ../clib/printf.c                         0x00000000   Number         0  __printf.o ABSOLUTE
    ../clib/printf.c                         0x00000000   Number         0  __printf_nopercent.o ABSOLUTE
    ../clib/printf.c                         0x00000000   Number         0  _printf_dec.o ABSOLUTE
    ../clib/printf.c                         0x00000000   Number         0  _printf_char_common.o ABSOLUTE
    ../clib/printf.c                         0x00000000   Number         0  noretval__2sprintf.o ABSOLUTE
    ../clib/printf.c                         0x00000000   Number         0  _printf_intcommon.o ABSOLUTE
    ../clib/printf.c                         0x00000000   Number         0  __2sprintf.o ABSOLUTE
    ../clib/printf.c                         0x00000000   Number         0  __printf_ss.o ABSOLUTE
    ../clib/printf.c                         0x00000000   Number         0  __printf_flags.o ABSOLUTE
    ../clib/printf_percent.s                 0x00000000   Number         0  _printf_percent_end.o ABSOLUTE
    ../clib/printf_percent.s                 0x00000000   Number         0  _printf_percent.o ABSOLUTE
    ../clib/printf_percent.s                 0x00000000   Number         0  _printf_d.o ABSOLUTE
    ../clib/signal.c                         0x00000000   Number         0  defsig_cppl_inner.o ABSOLUTE
    ../clib/signal.c                         0x00000000   Number         0  defsig_pvfn_inner.o ABSOLUTE
    ../clib/signal.c                         0x00000000   Number         0  defsig_stak_inner.o ABSOLUTE
    ../clib/signal.c                         0x00000000   Number         0  defsig_rtred_inner.o ABSOLUTE
    ../clib/signal.c                         0x00000000   Number         0  defsig_fpe_inner.o ABSOLUTE
    ../clib/signal.c                         0x00000000   Number         0  defsig_abrt_inner.o ABSOLUTE
    ../clib/signal.c                         0x00000000   Number         0  __raise.o ABSOLUTE
    ../clib/signal.c                         0x00000000   Number         0  defsig_rtmem_inner.o ABSOLUTE
    ../clib/signal.c                         0x00000000   Number         0  defsig_exit.o ABSOLUTE
    ../clib/signal.c                         0x00000000   Number         0  defsig_rtmem_formal.o ABSOLUTE
    ../clib/signal.c                         0x00000000   Number         0  defsig_rtmem_outer.o ABSOLUTE
    ../clib/signal.c                         0x00000000   Number         0  defsig_general.o ABSOLUTE
    ../clib/signal.c                         0x00000000   Number         0  defsig_other.o ABSOLUTE
    ../clib/signal.c                         0x00000000   Number         0  defsig_segv_inner.o ABSOLUTE
    ../clib/signal.s                         0x00000000   Number         0  defsig.o ABSOLUTE
    ../clib/stdlib.c                         0x00000000   Number         0  exit.o ABSOLUTE
    ../fplib/fpinit.s                        0x00000000   Number         0  fpinit.o ABSOLUTE
    CAN\IRQ_CAN.c                            0x00000000   Number         0  irq_can.o ABSOLUTE
    CAN\\IRQ_CAN.c                           0x00000000   Number         0  irq_can.o ABSOLUTE
    CAN\\lib_CAN.c                           0x00000000   Number         0  lib_can.o ABSOLUTE
    CAN\lib_CAN.c                            0x00000000   Number         0  lib_can.o ABSOLUTE
    GLCD\AsciiLib.c                          0x00000000   Number         0  asciilib.o ABSOLUTE
    GLCD\GLCD.c                              0x00000000   Number         0  glcd.o ABSOLUTE
    GLCD\HzLib.c                             0x00000000   Number         0  hzlib.o ABSOLUTE
    GLCD\\GLCD.c                             0x00000000   Number         0  glcd.o ABSOLUTE
    Quoridor\CANquoridor.c                   0x00000000   Number         0  canquoridor.o ABSOLUTE
    Quoridor\Giocatore.c                     0x00000000   Number         0  giocatore.o ABSOLUTE
    Quoridor\Graph.c                         0x00000000   Number         0  graph.o ABSOLUTE
    Quoridor\Menu.c                          0x00000000   Number         0  menu.o ABSOLUTE
    Quoridor\Modalita.c                      0x00000000   Number         0  modalita.o ABSOLUTE
    Quoridor\Mossa.c                         0x00000000   Number         0  mossa.o ABSOLUTE
    Quoridor\Muro.c                          0x00000000   Number         0  muro.o ABSOLUTE
    Quoridor\NPCcontroller.c                 0x00000000   Number         0  npccontroller.o ABSOLUTE
    Quoridor\Quoridor.c                      0x00000000   Number         0  quoridor.o ABSOLUTE
    Quoridor\QuoridorGUI.c                   0x00000000   Number         0  quoridorgui.o ABSOLUTE
    Quoridor\ST.c                            0x00000000   Number         0  st.o ABSOLUTE
    Quoridor\\CANquoridor.c                  0x00000000   Number         0  canquoridor.o ABSOLUTE
    Quoridor\\Menu.c                         0x00000000   Number         0  menu.o ABSOLUTE
    Quoridor\\Quoridor.c                     0x00000000   Number         0  quoridor.o ABSOLUTE
    Quoridor\\QuoridorGUI.c                  0x00000000   Number         0  quoridorgui.o ABSOLUTE
    RIT\IRQ_RIT.c                            0x00000000   Number         0  irq_rit.o ABSOLUTE
    RIT\\IRQ_RIT.c                           0x00000000   Number         0  irq_rit.o ABSOLUTE
    RIT\\lib_RIT.c                           0x00000000   Number         0  lib_rit.o ABSOLUTE
    RIT\lib_RIT.c                            0x00000000   Number         0  lib_rit.o ABSOLUTE
    button_EXINT\IRQ_button.c                0x00000000   Number         0  irq_button.o ABSOLUTE
    button_EXINT\\IRQ_button.c               0x00000000   Number         0  irq_button.o ABSOLUTE
    button_EXINT\\lib_button.c               0x00000000   Number         0  lib_button.o ABSOLUTE
    button_EXINT\lib_button.c                0x00000000   Number         0  lib_button.o ABSOLUTE
    core_cm3.c                               0x00000000   Number         0  core_cm3.o ABSOLUTE
    core_cm3.c                               0x00000000   Number         0  core_cm3.o ABSOLUTE
    dc.s                                     0x00000000   Number         0  dc.o ABSOLUTE
    joystick\\lib_joystick.c                 0x00000000   Number         0  lib_joystick.o ABSOLUTE
    joystick\lib_joystick.c                  0x00000000   Number         0  lib_joystick.o ABSOLUTE
    sample.c                                 0x00000000   Number         0  sample.o ABSOLUTE
    sample.c                                 0x00000000   Number         0  sample.o ABSOLUTE
    startup_LPC17xx.s                        0x00000000   Number         0  startup_lpc17xx.o ABSOLUTE
    system_LPC17xx.c                         0x00000000   Number         0  system_lpc17xx.o ABSOLUTE
    system_LPC17xx.c                         0x00000000   Number         0  system_lpc17xx.o ABSOLUTE
    timer\IRQ_timer.c                        0x00000000   Number         0  irq_timer.o ABSOLUTE
    timer\\IRQ_timer.c                       0x00000000   Number         0  irq_timer.o ABSOLUTE
    timer\\lib_timer.c                       0x00000000   Number         0  lib_timer.o ABSOLUTE
    timer\lib_timer.c                        0x00000000   Number         0  lib_timer.o ABSOLUTE
    !!!main                                  0x000000cc   Section        8  __main.o(!!!main)
    !!!scatter                               0x000000d4   Section       52  __scatter.o(!!!scatter)
    !!dczerorl2                              0x00000108   Section       90  __dczerorl2.o(!!dczerorl2)
    !!handler_zi                             0x00000164   Section       28  __scatter_zi.o(!!handler_zi)
    .ARM.Collect$$_printf_percent$$00000000  0x00000180   Section        0  _printf_percent.o(.ARM.Collect$$_printf_percent$$00000000)
    .ARM.Collect$$_printf_percent$$00000009  0x00000180   Section        6  _printf_d.o(.ARM.Collect$$_printf_percent$$00000009)
    .ARM.Collect$$_printf_percent$$00000017  0x00000186   Section        4  _printf_percent_end.o(.ARM.Collect$$_printf_percent$$00000017)
    .ARM.Collect$$libinit$$00000000          0x0000018a   Section        2  libinit.o(.ARM.Collect$$libinit$$00000000)
    .ARM.Collect$$libinit$$00000002          0x0000018c   Section        0  libinit2.o(.ARM.Collect$$libinit$$00000002)
    .ARM.Collect$$libinit$$00000004          0x0000018c   Section        0  libinit2.o(.ARM.Collect$$libinit$$00000004)
    .ARM.Collect$$libinit$$0000000A          0x0000018c   Section        0  libinit2.o(.ARM.Collect$$libinit$$0000000A)
    .ARM.Collect$$libinit$$0000000C          0x0000018c   Section        0  libinit2.o(.ARM.Collect$$libinit$$0000000C)
    .ARM.Collect$$libinit$$0000000E          0x0000018c   Section        0  libinit2.o(.ARM.Collect$$libinit$$0000000E)
    .ARM.Collect$$libinit$$00000011          0x0000018c   Section        0  libinit2.o(.ARM.Collect$$libinit$$00000011)
    .ARM.Collect$$libinit$$00000013          0x0000018c   Section        0  libinit2.o(.ARM.Collect$$libinit$$00000013)
    .ARM.Collect$$libinit$$00000015          0x0000018c   Section        0  libinit2.o(.ARM.Collect$$libinit$$00000015)
    .ARM.Collect$$libinit$$00000017          0x0000018c   Section        0  libinit2.o(.ARM.Collect$$libinit$$00000017)
    .ARM.Collect$$libinit$$00000019          0x0000018c   Section        0  libinit2.o(.ARM.Collect$$libinit$$00000019)
    .ARM.Collect$$libinit$$0000001B          0x0000018c   Section        0  libinit2.o(.ARM.Collect$$libinit$$0000001B)
    .ARM.Collect$$libinit$$0000001D          0x0000018c   Section        0  libinit2.o(.ARM.Collect$$libinit$$0000001D)
    .ARM.Collect$$libinit$$0000001F          0x0000018c   Section        0  libinit2.o(.ARM.Collect$$libinit$$0000001F)
    .ARM.Collect$$libinit$$00000021          0x0000018c   Section        0  libinit2.o(.ARM.Collect$$libinit$$00000021)
    .ARM.Collect$$libinit$$00000023          0x0000018c   Section        0  libinit2.o(.ARM.Collect$$libinit$$00000023)
    .ARM.Collect$$libinit$$00000025          0x0000018c   Section        0  libinit2.o(.ARM.Collect$$libinit$$00000025)
    .ARM.Collect$$libinit$$0000002C          0x0000018c   Section        0  libinit2.o(.ARM.Collect$$libinit$$0000002C)
    .ARM.Collect$$libinit$$0000002E          0x0000018c   Section        0  libinit2.o(.ARM.Collect$$libinit$$0000002E)
    .ARM.Collect$$libinit$$00000030          0x0000018c   Section        0  libinit2.o(.ARM.Collect$$libinit$$00000030)
    .ARM.Collect$$libinit$$00000032          0x0000018c   Section        0  libinit2.o(.ARM.Collect$$libinit$$00000032)
    .ARM.Collect$$libinit$$00000033          0x0000018c   Section        2  libinit2.o(.ARM.Collect$$libinit$$00000033)
    .ARM.Collect$$libshutdown$$00000000      0x0000018e   Section        2  libshutdown.o(.ARM.Collect$$libshutdown$$00000000)
    .ARM.Collect$$libshutdown$$00000002      0x00000190   Section        0  libshutdown2.o(.ARM.Collect$$libshutdown$$00000002)
    .ARM.Collect$$libshutdown$$00000004      0x00000190   Section        0  libshutdown2.o(.ARM.Collect$$libshutdown$$00000004)
    .ARM.Collect$$libshutdown$$00000006      0x00000190   Section        0  libshutdown2.o(.ARM.Collect$$libshutdown$$00000006)
    .ARM.Collect$$libshutdown$$00000009      0x00000190   Section        0  libshutdown2.o(.ARM.Collect$$libshutdown$$00000009)
    .ARM.Collect$$libshutdown$$0000000C      0x00000190   Section        0  libshutdown2.o(.ARM.Collect$$libshutdown$$0000000C)
    .ARM.Collect$$libshutdown$$0000000E      0x00000190   Section        0  libshutdown2.o(.ARM.Collect$$libshutdown$$0000000E)
    .ARM.Collect$$libshutdown$$00000011      0x00000190   Section        0  libshutdown2.o(.ARM.Collect$$libshutdown$$00000011)
    .ARM.Collect$$libshutdown$$00000012      0x00000190   Section        2  libshutdown2.o(.ARM.Collect$$libshutdown$$00000012)
    .ARM.Collect$$rtentry$$00000000          0x00000192   Section        0  __rtentry.o(.ARM.Collect$$rtentry$$00000000)
    .ARM.Collect$$rtentry$$00000002          0x00000192   Section        0  __rtentry2.o(.ARM.Collect$$rtentry$$00000002)
    .ARM.Collect$$rtentry$$00000004          0x00000192   Section        6  __rtentry4.o(.ARM.Collect$$rtentry$$00000004)
    .ARM.Collect$$rtentry$$00000009          0x00000198   Section        0  __rtentry2.o(.ARM.Collect$$rtentry$$00000009)
    .ARM.Collect$$rtentry$$0000000A          0x00000198   Section        4  __rtentry2.o(.ARM.Collect$$rtentry$$0000000A)
    .ARM.Collect$$rtentry$$0000000C          0x0000019c   Section        0  __rtentry2.o(.ARM.Collect$$rtentry$$0000000C)
    .ARM.Collect$$rtentry$$0000000D          0x0000019c   Section        8  __rtentry2.o(.ARM.Collect$$rtentry$$0000000D)
    .ARM.Collect$$rtexit$$00000000           0x000001a4   Section        2  rtexit.o(.ARM.Collect$$rtexit$$00000000)
    .ARM.Collect$$rtexit$$00000002           0x000001a6   Section        0  rtexit2.o(.ARM.Collect$$rtexit$$00000002)
    .ARM.Collect$$rtexit$$00000003           0x000001a6   Section        4  rtexit2.o(.ARM.Collect$$rtexit$$00000003)
    .ARM.Collect$$rtexit$$00000004           0x000001aa   Section        6  rtexit2.o(.ARM.Collect$$rtexit$$00000004)
    .text                                    0x000001b0   Section       52  startup_lpc17xx.o(.text)
    .text                                    0x000001e4   Section        0  sample.o(.text)
    .text                                    0x00000248   Section        0  irq_button.o(.text)
    __NVIC_DisableIRQ                        0x00000249   Thumb Code    30  irq_button.o(.text)
    .text                                    0x000002f8   Section        2  use_no_semi.o(.text)
    .text                                    0x000002fa   Section        0  indicate_semi.o(.text)
    .ARM.__at_0x02FC                         0x000002fc   Section        4  startup_lpc17xx.o(.ARM.__at_0x02FC)
    .text                                    0x00000300   Section        0  system_lpc17xx.o(.text)
    .text                                    0x0000054c   Section        0  lib_button.o(.text)
    __NVIC_EnableIRQ                         0x0000054d   Thumb Code    34  lib_button.o(.text)
    .text                                    0x000005e0   Section        0  irq_rit.o(.text)
    __NVIC_EnableIRQ                         0x000005e1   Thumb Code    34  irq_rit.o(.text)
    .text                                    0x00000d68   Section        0  lib_rit.o(.text)
    .text                                    0x00000dfc   Section        0  lib_joystick.o(.text)
    .text                                    0x00000f34   Section        0  asciilib.o(.text)
    .text                                    0x00000f54   Section        0  glcd.o(.text)
    LCD_Configuration                        0x00000f55   Thumb Code    20  glcd.o(.text)
    wait_delay                               0x00000f69   Thumb Code    12  glcd.o(.text)
    LCD_SetCursor                            0x00000f75   Thumb Code  1356  glcd.o(.text)
    delay_ms                                 0x000014c1   Thumb Code    30  glcd.o(.text)
    LCD_BGR2RGB                              0x000049bd   Thumb Code    26  glcd.o(.text)
    .text                                    0x00005038   Section        0  irq_timer.o(.text)
    .text                                    0x000050e0   Section        0  lib_timer.o(.text)
    __NVIC_EnableIRQ                         0x000050e1   Thumb Code    34  lib_timer.o(.text)
    __NVIC_SetPriority                       0x00005103   Thumb Code    32  lib_timer.o(.text)
    .text                                    0x00005264   Section        0  giocatore.o(.text)
    .text                                    0x00005558   Section        0  graph.o(.text)
    EDGEcreate                               0x00005559   Thumb Code    18  graph.o(.text)
    insertEdge                               0x00005597   Thumb Code    30  graph.o(.text)
    removeEdge                               0x000056cd   Thumb Code   118  graph.o(.text)
    .text                                    0x000065d8   Section        0  quoridor.o(.text)
    __NVIC_EnableIRQ                         0x000065d9   Thumb Code    34  quoridor.o(.text)
    __NVIC_DisableIRQ                        0x000065fb   Thumb Code    30  quoridor.o(.text)
    .text                                    0x000078ec   Section        0  quoridorgui.o(.text)
    .text                                    0x000080ac   Section        0  mossa.o(.text)
    .text                                    0x00008330   Section        0  muro.o(.text)
    .text                                    0x000085e8   Section        0  st.o(.text)
    .text                                    0x00008648   Section        0  menu.o(.text)
    .text                                    0x00008c50   Section        0  modalita.o(.text)
    .text                                    0x00008c78   Section        0  npccontroller.o(.text)
    .text                                    0x00008d4c   Section        0  canquoridor.o(.text)
    .text                                    0x00008e88   Section        0  irq_can.o(.text)
    .text                                    0x00008ed8   Section        0  lib_can.o(.text)
    __NVIC_EnableIRQ                         0x00008ed9   Thumb Code    34  lib_can.o(.text)
    CAN_cfgBaudrate                          0x00008efb   Thumb Code    70  lib_can.o(.text)
    .text                                    0x000093e8   Section        0  noretval__2sprintf.o(.text)
    .text                                    0x00009410   Section        0  __printf.o(.text)
    .text                                    0x00009478   Section        0  _printf_dec.o(.text)
    .text                                    0x000094f0   Section      138  rt_memcpy_v6.o(.text)
    .text                                    0x0000957a   Section      100  rt_memcpy_w.o(.text)
    .text                                    0x000095de   Section       78  rt_memclr_w.o(.text)
    .text                                    0x0000962c   Section        0  heapauxi.o(.text)
    .text                                    0x00009632   Section        0  _printf_intcommon.o(.text)
    .text                                    0x000096e4   Section        0  _printf_char_common.o(.text)
    _printf_input_char                       0x000096e5   Thumb Code    10  _printf_char_common.o(.text)
    .text                                    0x00009714   Section        0  _sputc.o(.text)
    .text                                    0x0000971e   Section       74  sys_stackheap_outer.o(.text)
    .text                                    0x00009768   Section        0  exit.o(.text)
    .text                                    0x0000977c   Section        8  libspace.o(.text)
    .text                                    0x00009784   Section        0  sys_exit.o(.text)
    .constdata                               0x00009790   Section     1520  asciilib.o(.constdata)
    AsciiLib                                 0x00009790   Data        1520  asciilib.o(.constdata)
    .constdata                               0x00009d80   Section       56  graph.o(.constdata)
    .constdata                               0x00009db8   Section       68  lib_can.o(.constdata)
    .bss                                     0x10000000   Section    16384  graph.o(.bss)
    .data                                    0x2007c000   Section        5  system_lpc17xx.o(.data)
    .data                                    0x2007c008   Section       36  irq_rit.o(.data)
    J_down                                   0x2007c008   Data           4  irq_rit.o(.data)
    J_up                                     0x2007c00c   Data           4  irq_rit.o(.data)
    J_left                                   0x2007c010   Data           4  irq_rit.o(.data)
    J_right                                  0x2007c014   Data           4  irq_rit.o(.data)
    J_press                                  0x2007c018   Data           4  irq_rit.o(.data)
    J_up_left                                0x2007c01c   Data           4  irq_rit.o(.data)
    J_up_right                               0x2007c020   Data           4  irq_rit.o(.data)
    J_down_left                              0x2007c024   Data           4  irq_rit.o(.data)
    J_down_right                             0x2007c028   Data           4  irq_rit.o(.data)
    .data                                    0x2007c02c   Section        1  glcd.o(.data)
    LCD_Code                                 0x2007c02c   Data           1  glcd.o(.data)
    .data                                    0x2007c030   Section        8  mossa.o(.data)
    .data                                    0x2007c038   Section        4  muro.o(.data)
    .data                                    0x2007c03c   Section      512  st.o(.data)
    .data                                    0x2007c23c   Section        8  menu.o(.data)
    .data                                    0x2007c244   Section        8  modalita.o(.data)
    .data                                    0x2007c24c   Section        8  canquoridor.o(.data)
    .data                                    0x2007c254   Section       16  lib_can.o(.data)
    CAN_std_cnt                              0x2007c25c   Data           4  lib_can.o(.data)
    CAN_ext_cnt                              0x2007c260   Data           4  lib_can.o(.data)
    .bss                                     0x2007c264   Section       12  irq_rit.o(.bss)
    .bss                                     0x2007c270   Section      304  giocatore.o(.bss)
    .bss                                     0x2007c3a0   Section       84  quoridor.o(.bss)
    .bss                                     0x2007c3f4   Section      800  mossa.o(.bss)
    .bss                                     0x2007c714   Section      128  muro.o(.bss)
    .bss                                     0x2007c794   Section       16  npccontroller.o(.bss)
    .bss                                     0x2007c7a4   Section       32  lib_can.o(.bss)
    .bss                                     0x2007c7c4   Section       96  libspace.o(.bss)
    HEAP                                     0x2007c828   Section        0  startup_lpc17xx.o(HEAP)
    STACK                                    0x2007c828   Section    12288  startup_lpc17xx.o(STACK)
    Heap_Mem                                 0x2007c828   Data           0  startup_lpc17xx.o(HEAP)
    Stack_Mem                                0x2007c828   Data       12288  startup_lpc17xx.o(STACK)
    __initial_sp                             0x2007f828   Data           0  startup_lpc17xx.o(STACK)

    Global Symbols

    Symbol Name                              Value     Ov Type        Size  Object(Section)

    BuildAttributes$$THM_ISAv4$P$D$K$B$S$PE$A:L22UL41UL21$X:L11$S22US41US21$IEEE1$IW$USESV6$~STKCKD$USESV7$~SHL$OSPACE$ROPI$EBA8$UX$STANDARDLIB$REQ8$PRES8$EABIv2 0x00000000   Number         0  anon$$obj.o ABSOLUTE
    __ARM_use_no_argv                        0x00000000   Number         0  sample.o ABSOLUTE
    __Vectors                                0x00000000   Data           4  startup_lpc17xx.o(RESET)
    __ARM_exceptions_init                     - Undefined Weak Reference
    __alloca_initialize                       - Undefined Weak Reference
    __arm_fini_                               - Undefined Weak Reference
    __arm_preinit_                            - Undefined Weak Reference
    __cpp_initialize__aeabi_                  - Undefined Weak Reference
    __cxa_finalize                            - Undefined Weak Reference
    __rt_locale                               - Undefined Weak Reference
    __sigvec_lookup                           - Undefined Weak Reference
    _atexit_init                              - Undefined Weak Reference
    _call_atexit_fns                          - Undefined Weak Reference
    _clock_init                               - Undefined Weak Reference
    _fp_trap_init                             - Undefined Weak Reference
    _fp_trap_shutdown                         - Undefined Weak Reference
    _get_lc_collate                           - Undefined Weak Reference
    _get_lc_ctype                             - Undefined Weak Reference
    _get_lc_monetary                          - Undefined Weak Reference
    _get_lc_numeric                           - Undefined Weak Reference
    _get_lc_time                              - Undefined Weak Reference
    _getenv_init                              - Undefined Weak Reference
    _handle_redirection                       - Undefined Weak Reference
    _init_alloc                               - Undefined Weak Reference
    _init_user_alloc                          - Undefined Weak Reference
    _initio                                   - Undefined Weak Reference
    _printf_post_padding                      - Undefined Weak Reference
    _printf_pre_padding                       - Undefined Weak Reference
    _printf_truncate_signed                   - Undefined Weak Reference
    _printf_truncate_unsigned                 - Undefined Weak Reference
    _rand_init                                - Undefined Weak Reference
    _signal_finish                            - Undefined Weak Reference
    _signal_init                              - Undefined Weak Reference
    _terminate_alloc                          - Undefined Weak Reference
    _terminate_user_alloc                     - Undefined Weak Reference
    _terminateio                              - Undefined Weak Reference
    __main                                   0x000000cd   Thumb Code     8  __main.o(!!!main)
    __scatterload                            0x000000d5   Thumb Code     0  __scatter.o(!!!scatter)
    __scatterload_rt2                        0x000000d5   Thumb Code    44  __scatter.o(!!!scatter)
    __scatterload_rt2_thumb_only             0x000000d5   Thumb Code     0  __scatter.o(!!!scatter)
    __scatterload_null                       0x000000e3   Thumb Code     0  __scatter.o(!!!scatter)
    __decompress                             0x00000109   Thumb Code    90  __dczerorl2.o(!!dczerorl2)
    __decompress1                            0x00000109   Thumb Code     0  __dczerorl2.o(!!dczerorl2)
    __scatterload_zeroinit                   0x00000165   Thumb Code    28  __scatter_zi.o(!!handler_zi)
    _printf_d                                0x00000181   Thumb Code     0  _printf_d.o(.ARM.Collect$$_printf_percent$$00000009)
    _printf_percent                          0x00000181   Thumb Code     0  _printf_percent.o(.ARM.Collect$$_printf_percent$$00000000)
    _printf_percent_end                      0x00000187   Thumb Code     0  _printf_percent_end.o(.ARM.Collect$$_printf_percent$$00000017)
    __rt_lib_init                            0x0000018b   Thumb Code     0  libinit.o(.ARM.Collect$$libinit$$00000000)
    __rt_lib_init_alloca_1                   0x0000018d   Thumb Code     0  libinit2.o(.ARM.Collect$$libinit$$0000002E)
    __rt_lib_init_argv_1                     0x0000018d   Thumb Code     0  libinit2.o(.ARM.Collect$$libinit$$0000002C)
    __rt_lib_init_atexit_1                   0x0000018d   Thumb Code     0  libinit2.o(.ARM.Collect$$libinit$$0000001B)
    __rt_lib_init_clock_1                    0x0000018d   Thumb Code     0  libinit2.o(.ARM.Collect$$libinit$$00000021)
    __rt_lib_init_cpp_1                      0x0000018d   Thumb Code     0  libinit2.o(.ARM.Collect$$libinit$$00000032)
    __rt_lib_init_exceptions_1               0x0000018d   Thumb Code     0  libinit2.o(.ARM.Collect$$libinit$$00000030)
    __rt_lib_init_fp_1                       0x0000018d   Thumb Code     0  libinit2.o(.ARM.Collect$$libinit$$00000002)
    __rt_lib_init_fp_trap_1                  0x0000018d   Thumb Code     0  libinit2.o(.ARM.Collect$$libinit$$0000001F)
    __rt_lib_init_getenv_1                   0x0000018d   Thumb Code     0  libinit2.o(.ARM.Collect$$libinit$$00000023)
    __rt_lib_init_heap_1                     0x0000018d   Thumb Code     0  libinit2.o(.ARM.Collect$$libinit$$0000000A)
    __rt_lib_init_lc_collate_1               0x0000018d   Thumb Code     0  libinit2.o(.ARM.Collect$$libinit$$00000011)
    __rt_lib_init_lc_ctype_1                 0x0000018d   Thumb Code     0  libinit2.o(.ARM.Collect$$libinit$$00000013)
    __rt_lib_init_lc_monetary_1              0x0000018d   Thumb Code     0  libinit2.o(.ARM.Collect$$libinit$$00000015)
    __rt_lib_init_lc_numeric_1               0x0000018d   Thumb Code     0  libinit2.o(.ARM.Collect$$libinit$$00000017)
    __rt_lib_init_lc_time_1                  0x0000018d   Thumb Code     0  libinit2.o(.ARM.Collect$$libinit$$00000019)
    __rt_lib_init_preinit_1                  0x0000018d   Thumb Code     0  libinit2.o(.ARM.Collect$$libinit$$00000004)
    __rt_lib_init_rand_1                     0x0000018d   Thumb Code     0  libinit2.o(.ARM.Collect$$libinit$$0000000E)
    __rt_lib_init_return                     0x0000018d   Thumb Code     0  libinit2.o(.ARM.Collect$$libinit$$00000033)
    __rt_lib_init_signal_1                   0x0000018d   Thumb Code     0  libinit2.o(.ARM.Collect$$libinit$$0000001D)
    __rt_lib_init_stdio_1                    0x0000018d   Thumb Code     0  libinit2.o(.ARM.Collect$$libinit$$00000025)
    __rt_lib_init_user_alloc_1               0x0000018d   Thumb Code     0  libinit2.o(.ARM.Collect$$libinit$$0000000C)
    __rt_lib_shutdown                        0x0000018f   Thumb Code     0  libshutdown.o(.ARM.Collect$$libshutdown$$00000000)
    __rt_lib_shutdown_cpp_1                  0x00000191   Thumb Code     0  libshutdown2.o(.ARM.Collect$$libshutdown$$00000004)
    __rt_lib_shutdown_fini_1                 0x00000191   Thumb Code     0  libshutdown2.o(.ARM.Collect$$libshutdown$$00000002)
    __rt_lib_shutdown_fp_trap_1              0x00000191   Thumb Code     0  libshutdown2.o(.ARM.Collect$$libshutdown$$00000009)
    __rt_lib_shutdown_heap_1                 0x00000191   Thumb Code     0  libshutdown2.o(.ARM.Collect$$libshutdown$$00000011)
    __rt_lib_shutdown_return                 0x00000191   Thumb Code     0  libshutdown2.o(.ARM.Collect$$libshutdown$$00000012)
    __rt_lib_shutdown_signal_1               0x00000191   Thumb Code     0  libshutdown2.o(.ARM.Collect$$libshutdown$$0000000C)
    __rt_lib_shutdown_stdio_1                0x00000191   Thumb Code     0  libshutdown2.o(.ARM.Collect$$libshutdown$$00000006)
    __rt_lib_shutdown_user_alloc_1           0x00000191   Thumb Code     0  libshutdown2.o(.ARM.Collect$$libshutdown$$0000000E)
    __rt_entry                               0x00000193   Thumb Code     0  __rtentry.o(.ARM.Collect$$rtentry$$00000000)
    __rt_entry_presh_1                       0x00000193   Thumb Code     0  __rtentry2.o(.ARM.Collect$$rtentry$$00000002)
    __rt_entry_sh                            0x00000193   Thumb Code     0  __rtentry4.o(.ARM.Collect$$rtentry$$00000004)
    __rt_entry_li                            0x00000199   Thumb Code     0  __rtentry2.o(.ARM.Collect$$rtentry$$0000000A)
    __rt_entry_postsh_1                      0x00000199   Thumb Code     0  __rtentry2.o(.ARM.Collect$$rtentry$$00000009)
    __rt_entry_main                          0x0000019d   Thumb Code     0  __rtentry2.o(.ARM.Collect$$rtentry$$0000000D)
    __rt_entry_postli_1                      0x0000019d   Thumb Code     0  __rtentry2.o(.ARM.Collect$$rtentry$$0000000C)
    __rt_exit                                0x000001a5   Thumb Code     0  rtexit.o(.ARM.Collect$$rtexit$$00000000)
    __rt_exit_ls                             0x000001a7   Thumb Code     0  rtexit2.o(.ARM.Collect$$rtexit$$00000003)
    __rt_exit_prels_1                        0x000001a7   Thumb Code     0  rtexit2.o(.ARM.Collect$$rtexit$$00000002)
    __rt_exit_exit                           0x000001ab   Thumb Code     0  rtexit2.o(.ARM.Collect$$rtexit$$00000004)
    Reset_Handler                            0x000001b1   Thumb Code     4  startup_lpc17xx.o(.text)
    NMI_Handler                              0x000001b5   Thumb Code     2  startup_lpc17xx.o(.text)
    HardFault_Handler                        0x000001b7   Thumb Code     2  startup_lpc17xx.o(.text)
    MemManage_Handler                        0x000001b9   Thumb Code     2  startup_lpc17xx.o(.text)
    BusFault_Handler                         0x000001bb   Thumb Code     2  startup_lpc17xx.o(.text)
    UsageFault_Handler                       0x000001bd   Thumb Code     2  startup_lpc17xx.o(.text)
    SVC_Handler                              0x000001bf   Thumb Code     2  startup_lpc17xx.o(.text)
    DebugMon_Handler                         0x000001c1   Thumb Code     2  startup_lpc17xx.o(.text)
    PendSV_Handler                           0x000001c3   Thumb Code     2  startup_lpc17xx.o(.text)
    SysTick_Handler                          0x000001c5   Thumb Code     2  startup_lpc17xx.o(.text)
    ADC_IRQHandler                           0x000001c7   Thumb Code     0  startup_lpc17xx.o(.text)
    BOD_IRQHandler                           0x000001c7   Thumb Code     0  startup_lpc17xx.o(.text)
    CANActivity_IRQHandler                   0x000001c7   Thumb Code     0  startup_lpc17xx.o(.text)
    DMA_IRQHandler                           0x000001c7   Thumb Code     0  startup_lpc17xx.o(.text)
    EINT3_IRQHandler                         0x000001c7   Thumb Code     0  startup_lpc17xx.o(.text)
    ENET_IRQHandler                          0x000001c7   Thumb Code     0  startup_lpc17xx.o(.text)
    I2C0_IRQHandler                          0x000001c7   Thumb Code     0  startup_lpc17xx.o(.text)
    I2C1_IRQHandler                          0x000001c7   Thumb Code     0  startup_lpc17xx.o(.text)
    I2C2_IRQHandler                          0x000001c7   Thumb Code     0  startup_lpc17xx.o(.text)
    I2S_IRQHandler                           0x000001c7   Thumb Code     0  startup_lpc17xx.o(.text)
    MCPWM_IRQHandler                         0x000001c7   Thumb Code     0  startup_lpc17xx.o(.text)
    PLL0_IRQHandler                          0x000001c7   Thumb Code     0  startup_lpc17xx.o(.text)
    PLL1_IRQHandler                          0x000001c7   Thumb Code     0  startup_lpc17xx.o(.text)
    PWM1_IRQHandler                          0x000001c7   Thumb Code     0  startup_lpc17xx.o(.text)
    QEI_IRQHandler                           0x000001c7   Thumb Code     0  startup_lpc17xx.o(.text)
    RTC_IRQHandler                           0x000001c7   Thumb Code     0  startup_lpc17xx.o(.text)
    SPI_IRQHandler                           0x000001c7   Thumb Code     0  startup_lpc17xx.o(.text)
    SSP0_IRQHandler                          0x000001c7   Thumb Code     0  startup_lpc17xx.o(.text)
    SSP1_IRQHandler                          0x000001c7   Thumb Code     0  startup_lpc17xx.o(.text)
    UART0_IRQHandler                         0x000001c7   Thumb Code     0  startup_lpc17xx.o(.text)
    UART1_IRQHandler                         0x000001c7   Thumb Code     0  startup_lpc17xx.o(.text)
    UART2_IRQHandler                         0x000001c7   Thumb Code     0  startup_lpc17xx.o(.text)
    UART3_IRQHandler                         0x000001c7   Thumb Code     0  startup_lpc17xx.o(.text)
    USBActivity_IRQHandler                   0x000001c7   Thumb Code     0  startup_lpc17xx.o(.text)
    USB_IRQHandler                           0x000001c7   Thumb Code     0  startup_lpc17xx.o(.text)
    WDT_IRQHandler                           0x000001c7   Thumb Code     0  startup_lpc17xx.o(.text)
    __user_initial_stackheap                 0x000001c9   Thumb Code     0  startup_lpc17xx.o(.text)
    main                                     0x000001e5   Thumb Code    82  sample.o(.text)
    EINT0_IRQHandler                         0x00000267   Thumb Code    42  irq_button.o(.text)
    EINT1_IRQHandler                         0x00000291   Thumb Code    42  irq_button.o(.text)
    EINT2_IRQHandler                         0x000002bb   Thumb Code    42  irq_button.o(.text)
    __I$use$semihosting                      0x000002f9   Thumb Code     0  use_no_semi.o(.text)
    __use_no_semihosting_swi                 0x000002f9   Thumb Code     2  use_no_semi.o(.text)
    __semihosting_library_function           0x000002fb   Thumb Code     0  indicate_semi.o(.text)
    SystemInit                               0x00000301   Thumb Code   552  system_lpc17xx.o(.text)
    BUTTON_init                              0x0000056f   Thumb Code   100  lib_button.o(.text)
    RIT_IRQHandler                           0x00000603   Thumb Code  1860  irq_rit.o(.text)
    enable_RIT                               0x00000d69   Thumb Code    14  lib_rit.o(.text)
    disable_RIT                              0x00000d77   Thumb Code    14  lib_rit.o(.text)
    reset_RIT                                0x00000d85   Thumb Code     8  lib_rit.o(.text)
    init_RIT                                 0x00000d8d   Thumb Code    98  lib_rit.o(.text)
    joystick_init                            0x00000dfd   Thumb Code   122  lib_joystick.o(.text)
    joystick_disable                         0x00000e77   Thumb Code    90  lib_joystick.o(.text)
    joystick_enable                          0x00000ed1   Thumb Code    90  lib_joystick.o(.text)
    GetASCIICode                             0x00000f35   Thumb Code    26  asciilib.o(.text)
    LCD_Initialization                       0x000014df   Thumb Code 12014  glcd.o(.text)
    LCD_Clear                                0x000043cd   Thumb Code  1520  glcd.o(.text)
    LCD_GetPoint                             0x000049d7   Thumb Code   994  glcd.o(.text)
    LCD_SetPoint                             0x00004db9   Thumb Code   206  glcd.o(.text)
    LCD_DrawLine                             0x00004e87   Thumb Code   250  glcd.o(.text)
    PutChar                                  0x00004f81   Thumb Code   100  glcd.o(.text)
    GUI_Text                                 0x00004fe5   Thumb Code    80  glcd.o(.text)
    TIMER0_IRQHandler                        0x00005039   Thumb Code    64  irq_timer.o(.text)
    TIMER1_IRQHandler                        0x00005079   Thumb Code    30  irq_timer.o(.text)
    TIMER2_IRQHandler                        0x00005097   Thumb Code     8  irq_timer.o(.text)
    TIMER3_IRQHandler                        0x0000509f   Thumb Code     8  irq_timer.o(.text)
    enable_timer                             0x00005123   Thumb Code    48  lib_timer.o(.text)
    disable_timer                            0x00005153   Thumb Code    48  lib_timer.o(.text)
    reset_timer                              0x00005183   Thumb Code    66  lib_timer.o(.text)
    init_timer                               0x000051c5   Thumb Code   138  lib_timer.o(.text)
    GIOCATOREcrea                            0x00005265   Thumb Code    72  giocatore.o(.text)
    GIOCATOREreset                           0x000052ad   Thumb Code    50  giocatore.o(.text)
    GIOCATOREaddMossa                        0x000052df   Thumb Code    54  giocatore.o(.text)
    GIOCATOREgetColore                       0x00005315   Thumb Code     2  giocatore.o(.text)
    GIOCATOREgetNumMosse                     0x00005317   Thumb Code    16  giocatore.o(.text)
    GIOCATOREgetNumMuriPiazzati              0x00005327   Thumb Code    16  giocatore.o(.text)
    GIOCATOREgetPosizione                    0x00005337   Thumb Code    16  giocatore.o(.text)
    GIOCATOREsetPosizione                    0x00005347   Thumb Code    14  giocatore.o(.text)
    GIOCATOREgetNumeroMuri                   0x00005355   Thumb Code    16  giocatore.o(.text)
    GIOCATOREgetLastMossa                    0x00005365   Thumb Code    34  giocatore.o(.text)
    GIOCATOREaddMuro                         0x00005387   Thumb Code    30  giocatore.o(.text)
    GIOCATOREremoveMuro                      0x000053a5   Thumb Code    26  giocatore.o(.text)
    GIOCATOREisNPC                           0x000053bf   Thumb Code    40  giocatore.o(.text)
    GIOCATORE_NPC_getBestDirection           0x000053e7   Thumb Code   318  giocatore.o(.text)
    GIOCATOREisExternalBoard                 0x00005525   Thumb Code    40  giocatore.o(.text)
    GRAPHreset                               0x0000556b   Thumb Code    44  graph.o(.text)
    GRAPHinserisciGiocatore                  0x000055b5   Thumb Code   226  graph.o(.text)
    GRAPHload                                0x00005697   Thumb Code    24  graph.o(.text)
    GRAPHinsertEdge                          0x000056af   Thumb Code    30  graph.o(.text)
    GRAPHremoveEdge                          0x00005743   Thumb Code    32  graph.o(.text)
    EDGEtoccaLatoSinistro                    0x00005763   Thumb Code    42  graph.o(.text)
    EDGEtoccaLatoDestro                      0x0000578d   Thumb Code    46  graph.o(.text)
    EDGEtoccaLatoAlto                        0x000057bb   Thumb Code    34  graph.o(.text)
    EDGEtoccaLatoBasso                       0x000057dd   Thumb Code    34  graph.o(.text)
    GRAPHrimuoviPerimetro                    0x000057ff   Thumb Code   144  graph.o(.text)
    GRAPHinserisciPerimetro                  0x0000588f   Thumb Code   128  graph.o(.text)
    GRAPHgetMosseValide                      0x0000590f   Thumb Code  1102  graph.o(.text)
    GRAPHgetVerticeDirezione                 0x00005d5d   Thumb Code   102  graph.o(.text)
    GRAPHgetVerticeDirezioneConSalto         0x00005dc3   Thumb Code   102  graph.o(.text)
    GRAPHrimuoviGiocatore                    0x00005e29   Thumb Code   248  graph.o(.text)
    GRAPHverticeToccaLatoSuperiore           0x00005f21   Thumb Code    18  graph.o(.text)
    GRAPHverticeToccaLatoInferiore           0x00005f33   Thumb Code    18  graph.o(.text)
    GRAPHrimuoviMuro                         0x00005f45   Thumb Code   434  graph.o(.text)
    posCorretta                              0x000060f7   Thumb Code    38  graph.o(.text)
    isPathExistsDFS                          0x0000611d   Thumb Code   380  graph.o(.text)
    GRAPHisPathExists                        0x00006299   Thumb Code    32  graph.o(.text)
    GRAPHaggiungiMuro                        0x000062b9   Thumb Code   110  graph.o(.text)
    GRAPHcheckPercorsoGiocatori              0x00006327   Thumb Code   244  graph.o(.text)
    GRAPHgetPosRandomValidMuro               0x0000641b   Thumb Code   116  graph.o(.text)
    GRAPHcheckPosizioneMuro                  0x0000648f   Thumb Code   222  graph.o(.text)
    GRAPHgetNextPossibleMoveNPC              0x0000656d   Thumb Code   100  graph.o(.text)
    isMuroCorrente                           0x00006619   Thumb Code    14  quoridor.o(.text)
    QUORIDORabilitaComandiGiocatore          0x00006627   Thumb Code    40  quoridor.o(.text)
    QUORIDORresetMosseNPC                    0x0000664f   Thumb Code    14  quoridor.o(.text)
    QUORIDORresetConfermaNPC                 0x0000665d   Thumb Code     8  quoridor.o(.text)
    QUORIDORinit                             0x00006665   Thumb Code    40  quoridor.o(.text)
    QUORIDORdecrementTimer                   0x0000668d   Thumb Code    26  quoridor.o(.text)
    QUORIDORconfermaMuro                     0x000066a7   Thumb Code    76  quoridor.o(.text)
    QUORIDORswapTurno                        0x000066f3   Thumb Code   662  quoridor.o(.text)
    QUORIDORreset                            0x00006989   Thumb Code    34  quoridor.o(.text)
    QUORIDORcheckWin                         0x000069ab   Thumb Code    66  quoridor.o(.text)
    PARTITAgetModalita                       0x000069ed   Thumb Code     6  quoridor.o(.text)
    QUORIDORmuoviGiocatore                   0x000069f3   Thumb Code   638  quoridor.o(.text)
    QUORIDORaggiungiMuroNPC                  0x00006c71   Thumb Code    76  quoridor.o(.text)
    PARTITAgetTurnoID                        0x00006cbd   Thumb Code     6  quoridor.o(.text)
    QUORIDORdisabilitaComandiGiocatore       0x00006cc3   Thumb Code    40  quoridor.o(.text)
    QUORIDORgiocaMossaExternal               0x00006ceb   Thumb Code   430  quoridor.o(.text)
    PARTITAsetModalita                       0x00006e99   Thumb Code    12  quoridor.o(.text)
    QUORIDORgiocaTurno                       0x00006ea5   Thumb Code   644  quoridor.o(.text)
    QUORIDORrimuoviMosseGiocatore            0x00007129   Thumb Code    66  quoridor.o(.text)
    QUORIDORgetTimer                         0x0000716b   Thumb Code     6  quoridor.o(.text)
    QUORIDORturnoNonGiocato                  0x00007171   Thumb Code   112  quoridor.o(.text)
    PARTITAgetTurnoGUI                       0x000071e1   Thumb Code     6  quoridor.o(.text)
    QUORIDORrimuoviMuro                      0x000071e7   Thumb Code    90  quoridor.o(.text)
    QUORIDORaggiungiMuro                     0x00007241   Thumb Code    88  quoridor.o(.text)
    muroNonPresente                          0x00007299   Thumb Code    12  quoridor.o(.text)
    QUORIDORruotaMuro                        0x000072a5   Thumb Code   232  quoridor.o(.text)
    PARTITAgetGiocatore1                     0x0000738d   Thumb Code     4  quoridor.o(.text)
    PARTITAgetGiocatore2                     0x00007391   Thumb Code     4  quoridor.o(.text)
    QUORIDORisPartitaAttiva                  0x00007395   Thumb Code    14  quoridor.o(.text)
    QUORIDORmuoviMuro                        0x000073a3   Thumb Code   306  quoridor.o(.text)
    PARTITAsetMossaPending                   0x000074d5   Thumb Code     6  quoridor.o(.text)
    PARTITAgetMossaPending                   0x000074db   Thumb Code     6  quoridor.o(.text)
    PARTITAgetMossaDiagonaleAttiva           0x000074e1   Thumb Code     6  quoridor.o(.text)
    QUORIDORdisegnaMenu                      0x000074e7   Thumb Code    12  quoridor.o(.text)
    QUORIDORisInit                           0x000074f3   Thumb Code    16  quoridor.o(.text)
    QUORIDORstartTwoBoardsNPC                0x00007503   Thumb Code   180  quoridor.o(.text)
    QUORIDORstartTwoBoardsHuman              0x000075b7   Thumb Code   190  quoridor.o(.text)
    QUORIDORstartSingleBoardNPC              0x00007675   Thumb Code   174  quoridor.o(.text)
    QUORIDORstartSingleBoardHuman            0x00007723   Thumb Code   168  quoridor.o(.text)
    QUORIDORstart                            0x000077cb   Thumb Code    70  quoridor.o(.text)
    QUORIDORsceltaMenu                       0x00007811   Thumb Code    84  quoridor.o(.text)
    QUORIDORupdateBtnMenu                    0x00007865   Thumb Code    18  quoridor.o(.text)
    QUORIDORenableNPCdirection               0x00007877   Thumb Code    64  quoridor.o(.text)
    PARTITAis_NPC_up                         0x000078b7   Thumb Code     8  quoridor.o(.text)
    PARTITAis_NPC_down                       0x000078bf   Thumb Code     8  quoridor.o(.text)
    PARTITAis_NPC_left                       0x000078c7   Thumb Code     8  quoridor.o(.text)
    PARTITAis_NPC_right                      0x000078cf   Thumb Code     8  quoridor.o(.text)
    QUORIDORconfirmNPCdirection              0x000078d7   Thumb Code    10  quoridor.o(.text)
    PARTITAis_NPC_confirmed                  0x000078e1   Thumb Code     8  quoridor.o(.text)
    GUIdisegnaQuadrato                       0x000078ed   Thumb Code   180  quoridorgui.o(.text)
    GUIdisegnaScacchiera                     0x000079a1   Thumb Code    32  quoridorgui.o(.text)
    GUIstampaTimer                           0x000079c1   Thumb Code   114  quoridorgui.o(.text)
    GUIdisegnaTimer                          0x00007a33   Thumb Code   102  quoridorgui.o(.text)
    GUIdisegnaNumeroMuriGiocatore            0x00007a99   Thumb Code    90  quoridorgui.o(.text)
    GUIdisegnaNumeroMuriGiocatori            0x00007af3   Thumb Code   236  quoridorgui.o(.text)
    GUIdisegnaGrafica                        0x00007bdf   Thumb Code    26  quoridorgui.o(.text)
    GUIdisegnaGiocatore                      0x00007bf9   Thumb Code   638  quoridorgui.o(.text)
    GUIdisegnaMosseGiocatore                 0x00007e77   Thumb Code    38  quoridorgui.o(.text)
    GUIrimuoviMosseGiocatore                 0x00007e9d   Thumb Code    50  quoridorgui.o(.text)
    GUIrimuoviGiocatore                      0x00007ecf   Thumb Code    40  quoridorgui.o(.text)
    GUIstampaMessaggioVincitore              0x00007ef7   Thumb Code    58  quoridorgui.o(.text)
    GUIdisegnaMuro                           0x00007f31   Thumb Code   182  quoridorgui.o(.text)
    GUIcancellaMuro                          0x00007fe7   Thumb Code   184  quoridorgui.o(.text)
    MOSSAcrea                                0x000080ad   Thumb Code   170  mossa.o(.text)
    MOSSAcreaVoid                            0x00008157   Thumb Code   112  mossa.o(.text)
    MOSSAgetLastMossa                        0x000081c7   Thumb Code    32  mossa.o(.text)
    MOSSAinit                                0x000081e7   Thumb Code    12  mossa.o(.text)
    MOSSAgetMossaHandshake                   0x000081f3   Thumb Code     6  mossa.o(.text)
    MOSSAgetPlayerID                         0x000081f9   Thumb Code     8  mossa.o(.text)
    MOSSAisPlayerMode                        0x00008201   Thumb Code    18  mossa.o(.text)
    MOSSAisVerticale                         0x00008213   Thumb Code    18  mossa.o(.text)
    MOSSA_da_XY_2_posizione                  0x00008225   Thumb Code    20  mossa.o(.text)
    MOSSAgetPosizione                        0x00008239   Thumb Code    24  mossa.o(.text)
    MOSSA_da_posizione_2_XY                  0x00008251   Thumb Code    66  mossa.o(.text)
    MOSSAcrea_return                         0x00008293   Thumb Code   110  mossa.o(.text)
    MOSSAisVoid                              0x00008301   Thumb Code    32  mossa.o(.text)
    MUROcrea                                 0x00008331   Thumb Code    44  muro.o(.text)
    MUROinitMuri                             0x0000835d   Thumb Code     8  muro.o(.text)
    MUROrimuoviLastMuro                      0x00008365   Thumb Code    22  muro.o(.text)
    MUROisVertical                           0x0000837b   Thumb Code    30  muro.o(.text)
    MUROgetVertice1                          0x00008399   Thumb Code     6  muro.o(.text)
    MUROgetVertice2                          0x0000839f   Thumb Code     6  muro.o(.text)
    MUROorientamento                         0x000083a5   Thumb Code    20  muro.o(.text)
    MUROordinaVertici                        0x000083b9   Thumb Code    18  muro.o(.text)
    MUROruotaMuro                            0x000083cb   Thumb Code   102  muro.o(.text)
    MUROsetV1                                0x00008431   Thumb Code     4  muro.o(.text)
    MUROsetV2                                0x00008435   Thumb Code     4  muro.o(.text)
    MUROeq                                   0x00008439   Thumb Code    40  muro.o(.text)
    MUROgetLastMuro                          0x00008461   Thumb Code    20  muro.o(.text)
    MUROmuroPresente                         0x00008475   Thumb Code    44  muro.o(.text)
    MUROcreaSenzaAggiungere                  0x000084a1   Thumb Code     6  muro.o(.text)
    MUROsiSovrappone                         0x000084a7   Thumb Code   314  muro.o(.text)
    STsearch                                 0x000085e9   Thumb Code    48  st.o(.text)
    STgetVerticeX                            0x00008619   Thumb Code    20  st.o(.text)
    STgetVerticeY                            0x0000862d   Thumb Code    22  st.o(.text)
    MENUinit                                 0x00008649   Thumb Code    12  menu.o(.text)
    MENUdisegnaGiocatoreConCoordinate        0x00008655   Thumb Code   578  menu.o(.text)
    MENUdisegnaBTNmenu2                      0x00008897   Thumb Code   124  menu.o(.text)
    MENUdisegnaBTNmenu1                      0x00008913   Thumb Code   124  menu.o(.text)
    MENUsetPosCursore                        0x0000898f   Thumb Code   248  menu.o(.text)
    MENUdisegnaMenuSelBoard                  0x00008a87   Thumb Code   274  menu.o(.text)
    MENUdisegnaQuadratoBTN                   0x00008b99   Thumb Code    86  menu.o(.text)
    MENUgetPosCursore                        0x00008bef   Thumb Code    18  menu.o(.text)
    MODALITAinit                             0x00008c51   Thumb Code    12  modalita.o(.text)
    MODALITAsetGameMode                      0x00008c5d   Thumb Code     6  modalita.o(.text)
    MODALITAsetPlayerType                    0x00008c63   Thumb Code     6  modalita.o(.text)
    MODALITAgetGameMode                      0x00008c69   Thumb Code     6  modalita.o(.text)
    MODALITAgetPlayerMode                    0x00008c6f   Thumb Code     6  modalita.o(.text)
    NPCControllerInit                        0x00008c79   Thumb Code    20  npccontroller.o(.text)
    NPCCONTROLLERmossaAvversario             0x00008c8d   Thumb Code    48  npccontroller.o(.text)
    NPCCONTROLLERinserireMuro                0x00008cbd   Thumb Code   140  npccontroller.o(.text)
    CANQhandshake                            0x00008d4d   Thumb Code    48  canquoridor.o(.text)
    CANhandshakeIsConfirmed                  0x00008d7d   Thumb Code     6  canquoridor.o(.text)
    CANQreadMossa                            0x00008d83   Thumb Code   112  canquoridor.o(.text)
    CANQsendMossa                            0x00008df3   Thumb Code   122  canquoridor.o(.text)
    CANhandshakeClear                        0x00008e6d   Thumb Code     8  canquoridor.o(.text)
    CAN_IRQHandler                           0x00008e89   Thumb Code    64  irq_can.o(.text)
    CAN_setup                                0x00008f41   Thumb Code   140  lib_can.o(.text)
    CAN_start                                0x00008fcd   Thumb Code    18  lib_can.o(.text)
    CAN_waitReady                            0x00008fdf   Thumb Code    26  lib_can.o(.text)
    CAN_wrMsg                                0x00008ff9   Thumb Code    84  lib_can.o(.text)
    CAN_rdMsg                                0x0000904d   Thumb Code    52  lib_can.o(.text)
    CAN_wrFilter                             0x00009081   Thumb Code   822  lib_can.o(.text)
    CAN_Init                                 0x000093b7   Thumb Code    32  lib_can.o(.text)
    __2sprintf                               0x000093e9   Thumb Code    34  noretval__2sprintf.o(.text)
    __printf                                 0x00009411   Thumb Code   104  __printf.o(.text)
    _printf_int_dec                          0x00009479   Thumb Code   104  _printf_dec.o(.text)
    __aeabi_memcpy                           0x000094f1   Thumb Code     0  rt_memcpy_v6.o(.text)
    __rt_memcpy                              0x000094f1   Thumb Code   138  rt_memcpy_v6.o(.text)
    _memcpy_lastbytes                        0x00009557   Thumb Code     0  rt_memcpy_v6.o(.text)
    __aeabi_memcpy4                          0x0000957b   Thumb Code     0  rt_memcpy_w.o(.text)
    __aeabi_memcpy8                          0x0000957b   Thumb Code     0  rt_memcpy_w.o(.text)
    __rt_memcpy_w                            0x0000957b   Thumb Code   100  rt_memcpy_w.o(.text)
    _memcpy_lastbytes_aligned                0x000095c3   Thumb Code     0  rt_memcpy_w.o(.text)
    __aeabi_memclr4                          0x000095df   Thumb Code     0  rt_memclr_w.o(.text)
    __aeabi_memclr8                          0x000095df   Thumb Code     0  rt_memclr_w.o(.text)
    __rt_memclr_w                            0x000095df   Thumb Code    78  rt_memclr_w.o(.text)
    _memset_w                                0x000095e3   Thumb Code     0  rt_memclr_w.o(.text)
    __use_two_region_memory                  0x0000962d   Thumb Code     2  heapauxi.o(.text)
    __rt_heap_escrow$2region                 0x0000962f   Thumb Code     2  heapauxi.o(.text)
    __rt_heap_expand$2region                 0x00009631   Thumb Code     2  heapauxi.o(.text)
    _printf_int_common                       0x00009633   Thumb Code   178  _printf_intcommon.o(.text)
    _printf_char_common                      0x000096ef   Thumb Code    32  _printf_char_common.o(.text)
    _sputc                                   0x00009715   Thumb Code    10  _sputc.o(.text)
    __user_setup_stackheap                   0x0000971f   Thumb Code    74  sys_stackheap_outer.o(.text)
    exit                                     0x00009769   Thumb Code    18  exit.o(.text)
    __user_libspace                          0x0000977d   Thumb Code     8  libspace.o(.text)
    __user_perproc_libspace                  0x0000977d   Thumb Code     0  libspace.o(.text)
    __user_perthread_libspace                0x0000977d   Thumb Code     0  libspace.o(.text)
    _sys_exit                                0x00009785   Thumb Code     8  sys_exit.o(.text)
    CAN_BIT_TIME                             0x00009db8   Data          68  lib_can.o(.constdata)
    Region$$Table$$Base                      0x00009dfc   Number         0  anon$$obj.o(Region$$Table)
    Region$$Table$$Limit                     0x00009e2c   Number         0  anon$$obj.o(Region$$Table)
    graph                                    0x10000000   Data       16384  graph.o(.bss)
    SystemFrequency                          0x2007c000   Data           4  system_lpc17xx.o(.data)
    ScaleFlag                                0x2007c004   Data           1  system_lpc17xx.o(.data)
    cntMosseRosso                            0x2007c030   Data           4  mossa.o(.data)
    cntMosseBlu                              0x2007c034   Data           4  mossa.o(.data)
    cntMuriPiazzati                          0x2007c038   Data           4  muro.o(.data)
    tabHash                                  0x2007c03c   Data         512  st.o(.data)
    menu1                                    0x2007c23c   Data           4  menu.o(.data)
    menu2                                    0x2007c240   Data           4  menu.o(.data)
    modalita                                 0x2007c244   Data           8  modalita.o(.data)
    handshake                                0x2007c24c   Data           4  canquoridor.o(.data)
    handshakeActive                          0x2007c250   Data           4  canquoridor.o(.data)
    icr                                      0x2007c254   Data           1  lib_can.o(.data)
    result                                   0x2007c258   Data           4  lib_can.o(.data)
    btn_down_counter                         0x2007c264   Data          12  irq_rit.o(.bss)
    giocatore1                               0x2007c270   Data          24  giocatore.o(.bss)
    giocatore2                               0x2007c288   Data          24  giocatore.o(.bss)
    visitedNPC                               0x2007c2a0   Data         256  giocatore.o(.bss)
    partita                                  0x2007c3a0   Data          84  quoridor.o(.bss)
    mosseRosso                               0x2007c3f4   Data         400  mossa.o(.bss)
    mosseBlu                                 0x2007c584   Data         400  mossa.o(.bss)
    muriPiazzati                             0x2007c714   Data         128  muro.o(.bss)
    direzioneMosseAvversario                 0x2007c794   Data          16  npccontroller.o(.bss)
    CAN_TxMsg                                0x2007c7a4   Data          16  lib_can.o(.bss)
    CAN_RxMsg                                0x2007c7b4   Data          16  lib_can.o(.bss)
    __libspace_start                         0x2007c7c4   Data          96  libspace.o(.bss)
    __temporary_stack_top$libspace           0x2007c824   Data           0  libspace.o(.bss)



==============================================================================

Memory Map of the image

  Image Entry point : 0x000000cd

  Load Region LR_IROM1 (Base: 0x00000000, Size: 0x0000a090, Max: 0x00080000, ABSOLUTE, COMPRESSED[0x00009eec])

    Execution Region ER_IROM1 (Exec base: 0x00000000, Load base: 0x00000000, Size: 0x00009e2c, Max: 0x00080000, ABSOLUTE)

    Exec Addr    Load Addr    Size         Type   Attr      Idx    E Section Name        Object

    0x00000000   0x00000000   0x000000cc   Data   RO            3    RESET               startup_lpc17xx.o
    0x000000cc   0x000000cc   0x00000008   Code   RO          811  * !!!main             c_w.l(__main.o)
    0x000000d4   0x000000d4   0x00000034   Code   RO          981    !!!scatter          c_w.l(__scatter.o)
    0x00000108   0x00000108   0x0000005a   Code   RO          979    !!dczerorl2         c_w.l(__dczerorl2.o)
    0x00000162   0x00000162   0x00000002   PAD
    0x00000164   0x00000164   0x0000001c   Code   RO          983    !!handler_zi        c_w.l(__scatter_zi.o)
    0x00000180   0x00000180   0x00000000   Code   RO          802    .ARM.Collect$$_printf_percent$$00000000  c_w.l(_printf_percent.o)
    0x00000180   0x00000180   0x00000006   Code   RO          801    .ARM.Collect$$_printf_percent$$00000009  c_w.l(_printf_d.o)
    0x00000186   0x00000186   0x00000004   Code   RO          820    .ARM.Collect$$_printf_percent$$00000017  c_w.l(_printf_percent_end.o)
    0x0000018a   0x0000018a   0x00000002   Code   RO          847    .ARM.Collect$$libinit$$00000000  c_w.l(libinit.o)
    0x0000018c   0x0000018c   0x00000000   Code   RO          854    .ARM.Collect$$libinit$$00000002  c_w.l(libinit2.o)
    0x0000018c   0x0000018c   0x00000000   Code   RO          856    .ARM.Collect$$libinit$$00000004  c_w.l(libinit2.o)
    0x0000018c   0x0000018c   0x00000000   Code   RO          859    .ARM.Collect$$libinit$$0000000A  c_w.l(libinit2.o)
    0x0000018c   0x0000018c   0x00000000   Code   RO          861    .ARM.Collect$$libinit$$0000000C  c_w.l(libinit2.o)
    0x0000018c   0x0000018c   0x00000000   Code   RO          863    .ARM.Collect$$libinit$$0000000E  c_w.l(libinit2.o)
    0x0000018c   0x0000018c   0x00000000   Code   RO          866    .ARM.Collect$$libinit$$00000011  c_w.l(libinit2.o)
    0x0000018c   0x0000018c   0x00000000   Code   RO          868    .ARM.Collect$$libinit$$00000013  c_w.l(libinit2.o)
    0x0000018c   0x0000018c   0x00000000   Code   RO          870    .ARM.Collect$$libinit$$00000015  c_w.l(libinit2.o)
    0x0000018c   0x0000018c   0x00000000   Code   RO          872    .ARM.Collect$$libinit$$00000017  c_w.l(libinit2.o)
    0x0000018c   0x0000018c   0x00000000   Code   RO          874    .ARM.Collect$$libinit$$00000019  c_w.l(libinit2.o)
    0x0000018c   0x0000018c   0x00000000   Code   RO          876    .ARM.Collect$$libinit$$0000001B  c_w.l(libinit2.o)
    0x0000018c   0x0000018c   0x00000000   Code   RO          878    .ARM.Collect$$libinit$$0000001D  c_w.l(libinit2.o)
    0x0000018c   0x0000018c   0x00000000   Code   RO          880    .ARM.Collect$$libinit$$0000001F  c_w.l(libinit2.o)
    0x0000018c   0x0000018c   0x00000000   Code   RO          882    .ARM.Collect$$libinit$$00000021  c_w.l(libinit2.o)
    0x0000018c   0x0000018c   0x00000000   Code   RO          884    .ARM.Collect$$libinit$$00000023  c_w.l(libinit2.o)
    0x0000018c   0x0000018c   0x00000000   Code   RO          886    .ARM.Collect$$libinit$$00000025  c_w.l(libinit2.o)
    0x0000018c   0x0000018c   0x00000000   Code   RO          890    .ARM.Collect$$libinit$$0000002C  c_w.l(libinit2.o)
    0x0000018c   0x0000018c   0x00000000   Code   RO          892    .ARM.Collect$$libinit$$0000002E  c_w.l(libinit2.o)
    0x0000018c   0x0000018c   0x00000000   Code   RO          894    .ARM.Collect$$libinit$$00000030  c_w.l(libinit2.o)
    0x0000018c   0x0000018c   0x00000000   Code   RO          896    .ARM.Collect$$libinit$$00000032  c_w.l(libinit2.o)
    0x0000018c   0x0000018c   0x00000002   Code   RO          897    .ARM.Collect$$libinit$$00000033  c_w.l(libinit2.o)
    0x0000018e   0x0000018e   0x00000002   Code   RO          917    .ARM.Collect$$libshutdown$$00000000  c_w.l(libshutdown.o)
    0x00000190   0x00000190   0x00000000   Code   RO          930    .ARM.Collect$$libshutdown$$00000002  c_w.l(libshutdown2.o)
    0x00000190   0x00000190   0x00000000   Code   RO          932    .ARM.Collect$$libshutdown$$00000004  c_w.l(libshutdown2.o)
    0x00000190   0x00000190   0x00000000   Code   RO          934    .ARM.Collect$$libshutdown$$00000006  c_w.l(libshutdown2.o)
    0x00000190   0x00000190   0x00000000   Code   RO          937    .ARM.Collect$$libshutdown$$00000009  c_w.l(libshutdown2.o)
    0x00000190   0x00000190   0x00000000   Code   RO          940    .ARM.Collect$$libshutdown$$0000000C  c_w.l(libshutdown2.o)
    0x00000190   0x00000190   0x00000000   Code   RO          942    .ARM.Collect$$libshutdown$$0000000E  c_w.l(libshutdown2.o)
    0x00000190   0x00000190   0x00000000   Code   RO          945    .ARM.Collect$$libshutdown$$00000011  c_w.l(libshutdown2.o)
    0x00000190   0x00000190   0x00000002   Code   RO          946    .ARM.Collect$$libshutdown$$00000012  c_w.l(libshutdown2.o)
    0x00000192   0x00000192   0x00000000   Code   RO          813    .ARM.Collect$$rtentry$$00000000  c_w.l(__rtentry.o)
    0x00000192   0x00000192   0x00000000   Code   RO          822    .ARM.Collect$$rtentry$$00000002  c_w.l(__rtentry2.o)
    0x00000192   0x00000192   0x00000006   Code   RO          834    .ARM.Collect$$rtentry$$00000004  c_w.l(__rtentry4.o)
    0x00000198   0x00000198   0x00000000   Code   RO          824    .ARM.Collect$$rtentry$$00000009  c_w.l(__rtentry2.o)
    0x00000198   0x00000198   0x00000004   Code   RO          825    .ARM.Collect$$rtentry$$0000000A  c_w.l(__rtentry2.o)
    0x0000019c   0x0000019c   0x00000000   Code   RO          827    .ARM.Collect$$rtentry$$0000000C  c_w.l(__rtentry2.o)
    0x0000019c   0x0000019c   0x00000008   Code   RO          828    .ARM.Collect$$rtentry$$0000000D  c_w.l(__rtentry2.o)
    0x000001a4   0x000001a4   0x00000002   Code   RO          851    .ARM.Collect$$rtexit$$00000000  c_w.l(rtexit.o)
    0x000001a6   0x000001a6   0x00000000   Code   RO          899    .ARM.Collect$$rtexit$$00000002  c_w.l(rtexit2.o)
    0x000001a6   0x000001a6   0x00000004   Code   RO          900    .ARM.Collect$$rtexit$$00000003  c_w.l(rtexit2.o)
    0x000001aa   0x000001aa   0x00000006   Code   RO          901    .ARM.Collect$$rtexit$$00000004  c_w.l(rtexit2.o)
    0x000001b0   0x000001b0   0x00000034   Code   RO            5    .text               startup_lpc17xx.o
    0x000001e4   0x000001e4   0x00000064   Code   RO           16    .text               sample.o
    0x00000248   0x00000248   0x000000b0   Code   RO          129    .text               irq_button.o
    0x000002f8   0x000002f8   0x00000002   Code   RO          920    .text               c_w.l(use_no_semi.o)
    0x000002fa   0x000002fa   0x00000000   Code   RO          922    .text               c_w.l(indicate_semi.o)
    0x000002fa   0x000002fa   0x00000002   PAD
    0x000002fc   0x000002fc   0x00000004   Code   RO            4    .ARM.__at_0x02FC    startup_lpc17xx.o
    0x00000300   0x00000300   0x0000024c   Code   RO           95    .text               system_lpc17xx.o
    0x0000054c   0x0000054c   0x00000094   Code   RO          161    .text               lib_button.o
    0x000005e0   0x000005e0   0x00000788   Code   RO          189    .text               irq_rit.o
    0x00000d68   0x00000d68   0x00000094   Code   RO          241    .text               lib_rit.o
    0x00000dfc   0x00000dfc   0x00000138   Code   RO          269    .text               lib_joystick.o
    0x00000f34   0x00000f34   0x00000020   Code   RO          294    .text               asciilib.o
    0x00000f54   0x00000f54   0x000040e4   Code   RO          317    .text               glcd.o
    0x00005038   0x00005038   0x000000a8   Code   RO          363    .text               irq_timer.o
    0x000050e0   0x000050e0   0x00000184   Code   RO          413    .text               lib_timer.o
    0x00005264   0x00005264   0x000002f4   Code   RO          438    .text               giocatore.o
    0x00005558   0x00005558   0x00001080   Code   RO          465    .text               graph.o
    0x000065d8   0x000065d8   0x00001314   Code   RO          487    .text               quoridor.o
    0x000078ec   0x000078ec   0x000007c0   Code   RO          542    .text               quoridorgui.o
    0x000080ac   0x000080ac   0x00000284   Code   RO          563    .text               mossa.o
    0x00008330   0x00008330   0x000002b8   Code   RO          579    .text               muro.o
    0x000085e8   0x000085e8   0x00000060   Code   RO          595    .text               st.o
    0x00008648   0x00008648   0x00000608   Code   RO          613    .text               menu.o
    0x00008c50   0x00008c50   0x00000028   Code   RO          637    .text               modalita.o
    0x00008c78   0x00008c78   0x000000d4   Code   RO          652    .text               npccontroller.o
    0x00008d4c   0x00008d4c   0x0000013c   Code   RO          673    .text               canquoridor.o
    0x00008e88   0x00008e88   0x00000050   Code   RO          704    .text               irq_can.o
    0x00008ed8   0x00008ed8   0x00000510   Code   RO          742    .text               lib_can.o
    0x000093e8   0x000093e8   0x00000028   Code   RO          775    .text               c_w.l(noretval__2sprintf.o)
    0x00009410   0x00009410   0x00000068   Code   RO          777    .text               c_w.l(__printf.o)
    0x00009478   0x00009478   0x00000078   Code   RO          779    .text               c_w.l(_printf_dec.o)
    0x000094f0   0x000094f0   0x0000008a   Code   RO          803    .text               c_w.l(rt_memcpy_v6.o)
    0x0000957a   0x0000957a   0x00000064   Code   RO          805    .text               c_w.l(rt_memcpy_w.o)
    0x000095de   0x000095de   0x0000004e   Code   RO          807    .text               c_w.l(rt_memclr_w.o)
    0x0000962c   0x0000962c   0x00000006   Code   RO          809    .text               c_w.l(heapauxi.o)
    0x00009632   0x00009632   0x000000b2   Code   RO          814    .text               c_w.l(_printf_intcommon.o)
    0x000096e4   0x000096e4   0x00000030   Code   RO          816    .text               c_w.l(_printf_char_common.o)
    0x00009714   0x00009714   0x0000000a   Code   RO          818    .text               c_w.l(_sputc.o)
    0x0000971e   0x0000971e   0x0000004a   Code   RO          838    .text               c_w.l(sys_stackheap_outer.o)
    0x00009768   0x00009768   0x00000012   Code   RO          840    .text               c_w.l(exit.o)
    0x0000977a   0x0000977a   0x00000002   PAD
    0x0000977c   0x0000977c   0x00000008   Code   RO          848    .text               c_w.l(libspace.o)
    0x00009784   0x00009784   0x0000000c   Code   RO          909    .text               c_w.l(sys_exit.o)
    0x00009790   0x00009790   0x000005f0   Data   RO          295    .constdata          asciilib.o
    0x00009d80   0x00009d80   0x00000038   Data   RO          467    .constdata          graph.o
    0x00009db8   0x00009db8   0x00000044   Data   RO          744    .constdata          lib_can.o
    0x00009dfc   0x00009dfc   0x00000030   Data   RO          977    Region$$Table       anon$$obj.o


    Execution Region RW_IRAM1 (Exec base: 0x10000000, Load base: 0x00009e2c, Size: 0x00004000, Max: 0x00008000, ABSOLUTE)

    Exec Addr    Load Addr    Size         Type   Attr      Idx    E Section Name        Object

    0x10000000        -       0x00004000   Zero   RW          466    .bss                graph.o


    Execution Region RW_IRAM2 (Exec base: 0x2007c000, Load base: 0x00009e2c, Size: 0x00003828, Max: 0x00008000, ABSOLUTE, COMPRESSED[0x000000c0])

    Exec Addr    Load Addr    Size         Type   Attr      Idx    E Section Name        Object

    0x2007c000   COMPRESSED   0x00000005   Data   RW           96    .data               system_lpc17xx.o
    0x2007c005   COMPRESSED   0x00000003   PAD
    0x2007c008   COMPRESSED   0x00000024   Data   RW          191    .data               irq_rit.o
    0x2007c02c   COMPRESSED   0x00000001   Data   RW          318    .data               glcd.o
    0x2007c02d   COMPRESSED   0x00000003   PAD
    0x2007c030   COMPRESSED   0x00000008   Data   RW          565    .data               mossa.o
    0x2007c038   COMPRESSED   0x00000004   Data   RW          581    .data               muro.o
    0x2007c03c   COMPRESSED   0x00000200   Data   RW          596    .data               st.o
    0x2007c23c   COMPRESSED   0x00000008   Data   RW          614    .data               menu.o
    0x2007c244   COMPRESSED   0x00000008   Data   RW          638    .data               modalita.o
    0x2007c24c   COMPRESSED   0x00000008   Data   RW          674    .data               canquoridor.o
    0x2007c254   COMPRESSED   0x00000010   Data   RW          745    .data               lib_can.o
    0x2007c264        -       0x0000000c   Zero   RW          190    .bss                irq_rit.o
    0x2007c270        -       0x00000130   Zero   RW          439    .bss                giocatore.o
    0x2007c3a0        -       0x00000054   Zero   RW          488    .bss                quoridor.o
    0x2007c3f4        -       0x00000320   Zero   RW          564    .bss                mossa.o
    0x2007c714        -       0x00000080   Zero   RW          580    .bss                muro.o
    0x2007c794        -       0x00000010   Zero   RW          653    .bss                npccontroller.o
    0x2007c7a4        -       0x00000020   Zero   RW          743    .bss                lib_can.o
    0x2007c7c4        -       0x00000060   Zero   RW          849    .bss                c_w.l(libspace.o)
    0x2007c824   COMPRESSED   0x00000004   PAD
    0x2007c828        -       0x00000000   Zero   RW            2    HEAP                startup_lpc17xx.o
    0x2007c828        -       0x00003000   Zero   RW            1    STACK               startup_lpc17xx.o


==============================================================================

Image component sizes


      Code (inc. data)   RO Data    RW Data    ZI Data      Debug   Object Name

        32          6       1520          0          0        935   asciilib.o
       316         20          0          8          0       1622   canquoridor.o
       756         12          0          0        304       6253   giocatore.o
     16612        104          0          1          0      39999   glcd.o
      4224         24         56          0      16384      11346   graph.o
       176         20          0          0          0      17873   irq_button.o
        80         16          0          0          0        485   irq_can.o
      1928         62          0         36         12       3180   irq_rit.o
       168         58          0          0          0        842   irq_timer.o
       148         14          0          0          0        690   lib_button.o
      1296         66         68         16         32       4212   lib_can.o
       312         22          0          0          0        881   lib_joystick.o
       148         14          0          0          0      27459   lib_rit.o
       388         22          0          0          0       1740   lib_timer.o
      1544        128          0          8          0       3346   menu.o
        40          4          0          8          0       1194   modalita.o
       644         16          0          8        800       4696   mossa.o
       696          8          0          4        128       4368   muro.o
       212          4          0          0         16       1822   npccontroller.o
      4884         28          0          0         84      14154   quoridor.o
      1984         38          0          0          0       4872   quoridorgui.o
       100         18          0          0          0       4927   sample.o
        96          6          0        512          0       1401   st.o
        56         22        204          0      12288        948   startup_lpc17xx.o
       588         36          0          5          0      17773   system_lpc17xx.o

    ----------------------------------------------------------------------
     37428        768       1896        612      30048     177018   Object Totals
         0          0         48          0          0          0   (incl. Generated)
         0          0          0          6          0          0   (incl. Padding)

    ----------------------------------------------------------------------

      Code (inc. data)   RO Data    RW Data    ZI Data      Debug   Library Member Name

        90          0          0          0          0          0   __dczerorl2.o
         8          0          0          0          0         68   __main.o
       104          0          0          0          0         84   __printf.o
         0          0          0          0          0          0   __rtentry.o
        12          0          0          0          0          0   __rtentry2.o
         6          0          0          0          0          0   __rtentry4.o
        52          8          0          0          0          0   __scatter.o
        28          0          0          0          0          0   __scatter_zi.o
        48          6          0          0          0         96   _printf_char_common.o
         6          0          0          0          0          0   _printf_d.o
       120         16          0          0          0         92   _printf_dec.o
       178          0          0          0          0         88   _printf_intcommon.o
         0          0          0          0          0          0   _printf_percent.o
         4          0          0          0          0          0   _printf_percent_end.o
        10          0          0          0          0         68   _sputc.o
        18          0          0          0          0         80   exit.o
         6          0          0          0          0        152   heapauxi.o
         0          0          0          0          0          0   indicate_semi.o
         2          0          0          0          0          0   libinit.o
         2          0          0          0          0          0   libinit2.o
         2          0          0          0          0          0   libshutdown.o
         2          0          0          0          0          0   libshutdown2.o
         8          4          0          0         96         68   libspace.o
        40          6          0          0          0         84   noretval__2sprintf.o
        78          0          0          0          0         80   rt_memclr_w.o
       138          0          0          0          0         68   rt_memcpy_v6.o
       100          0          0          0          0         80   rt_memcpy_w.o
         2          0          0          0          0          0   rtexit.o
        10          0          0          0          0          0   rtexit2.o
        12          4          0          0          0         68   sys_exit.o
        74          0          0          0          0         80   sys_stackheap_outer.o
         2          0          0          0          0         68   use_no_semi.o

    ----------------------------------------------------------------------
      1168         44          0          0        100       1324   Library Totals
         6          0          0          0          4          0   (incl. Padding)

    ----------------------------------------------------------------------

      Code (inc. data)   RO Data    RW Data    ZI Data      Debug   Library Name

      1162         44          0          0         96       1324   c_w.l

    ----------------------------------------------------------------------
      1168         44          0          0        100       1324   Library Totals

    ----------------------------------------------------------------------

==============================================================================


      Code (inc. data)   RO Data    RW Data    ZI Data      Debug   

     38596        812       1896        612      30148     175426   Grand Totals
     38596        812       1896        192      30148     175426   ELF Image Totals (compressed)
     38596        812       1896        192          0          0   ROM Totals

==============================================================================

    Total RO  Size (Code + RO Data)                40492 (  39.54kB)
    Total RW  Size (RW Data + ZI Data)             30760 (  30.04kB)
    Total ROM Size (Code + RO Data + RW Data)      40684 (  39.73kB)

==============================================================================

